 Simulation

 Timestamp is 4d2f084c (Thu Jan 13 22:12:28 2011)

 Preferred load address is 00400000

 Start         Length     Name                   Class
 0001:00000000 00018a9aH .text                   CODE
 0002:00000000 00000250H .idata$5                DATA
 0002:00000250 000339aeH .rdata                  DATA
 0002:00033c00 00000050H .idata$2                DATA
 0002:00033c50 00000014H .idata$3                DATA
 0002:00033c64 00000250H .idata$4                DATA
 0002:00033eb4 000009a8H .idata$6                DATA
 0002:0003485c 00000000H .edata                  DATA
 0003:00000000 00000004H .CRT$XCA                DATA
 0003:00000004 00000004H .CRT$XCZ                DATA
 0003:00000008 00000004H .CRT$XIA                DATA
 0003:0000000c 00000008H .CRT$XIC                DATA
 0003:00000014 00000004H .CRT$XIZ                DATA
 0003:00000018 00000004H .CRT$XPA                DATA
 0003:0000001c 00000004H .CRT$XPX                DATA
 0003:00000020 00000004H .CRT$XPZ                DATA
 0003:00000024 00000004H .CRT$XTA                DATA
 0003:00000028 00000004H .CRT$XTZ                DATA
 0003:00000030 000076d4H .data                   DATA
 0003:00007708 00164cd0H .bss                    DATA
 0004:00000000 00000418H .rsrc$01                DATA
 0004:00000420 0001b728H .rsrc$02                DATA

  Address         Publics by Value              Rva+Base     Lib:Object

 0001:00000000       __ExecCalibration          00401000 f   calibration.obj
 0001:000002b7       _MMM_DrawLable             004012b7 f   common.obj
 0001:00000310       _MMM_WaitKey               00401310 f   common.obj
 0001:00000344       _MMM_WaitEvent             00401344 f   common.obj
 0001:000004f3       _GetValveCurPos            004014f3 f   communication.obj
 0001:000004f7       __GroupState               004014f7 f   groupstate.obj
 0001:00000829       _HmiDataSave               00401829 f   hmiData.obj
 0001:0000085e       _HmiDataInit               0040185e f   hmiData.obj
 0001:000008b8       _HmiLoginAndChange         004018b8 f   hmiData.obj
 0001:0000090a       _HmiLogOut                 0040190a f   hmiData.obj
 0001:00000914       _hmi_is_login              00401914 f   hmiData.obj
 0001:0000091a       _hmi_set_curr_group        0040191a f   hmiData.obj
 0001:0000092f       _hmi_get_curr_group        0040192f f   hmiData.obj
 0001:00000935       _hmi_group_goto_prev       00401935 f   hmiData.obj
 0001:0000094d       _hmi_group_goto_next       0040194d f   hmiData.obj
 0001:00000966       _hmi_reset_curr_valve      00401966 f   hmiData.obj
 0001:00000997       _hmi_valve_goto_prev       00401997 f   hmiData.obj
 0001:000009d3       _hmi_valve_goto_next       004019d3 f   hmiData.obj
 0001:00000a0f       _hmi_get_curr_valve_open_status 00401a0f f   hmiData.obj
 0001:00000a39       _hmi_get_curr_valve_close_status 00401a39 f   hmiData.obj
 0001:00000a63       _hmi_get_curr_valve_LR_status 00401a63 f   hmiData.obj
 0001:00000a8d       _hmi_get_curr_valve_pos_value 00401a8d f   hmiData.obj
 0001:00000ab7       _hmi_get_curr_valve_pos_max_value 00401ab7 f   hmiData.obj
 0001:00000ad2       _hmi_open_curr_valve       00401ad2 f   hmiData.obj
 0001:00000b07       _hmi_stop_curr_valve       00401b07 f   hmiData.obj
 0001:00000b3c       _hmi_close_curr_valve      00401b3c f   hmiData.obj
 0001:00000b71       _hmi_set_cur_pos_curr_valve 00401b71 f   hmiData.obj
 0001:00000bb3       _hmi_get_curr_pos_curr_max_valve 00401bb3 f   hmiData.obj
 0001:00000bcf       _hmi_get_curr_valve_data   00401bcf f   hmiData.obj
 0001:00000bf8       _hmi_set_curr_valve_data   00401bf8 f   hmiData.obj
 0001:00000c25       _hmi_get_group_num_text    00401c25 f   hmiData.obj
 0001:00000c3d       _hmi_get_valve_num_text    00401c3d f   hmiData.obj
 0001:00000c55       _hmi_get_valve_name        00401c55 f   hmiData.obj
 0001:00000cb9       __login                    00401cb9 f   logon.obj
 0001:00000e2b       __MainMenu                 00401e2b f   mainmenu.obj
 0001:00000fc6       _MainTask                  00401fc6 f   MainTask.obj
 0001:000011e3       __SetValve                 004021e3 f   setValve.obj
 0001:00001559       _DrawProgbar               00402559 f   valveView.obj
 0001:00001680       _ValveViewOpenValveCB      00402680 f   valveView.obj
 0001:000016a1       __ValveView                004026a1 f   valveView.obj
 0001:0000191d       __VVEdit                   0040291d f   VVEdit.obj
 0001:00001c07       __VVEditNum                00402c07 f   VVEdit.obj
 0001:00001e32       _LCD_Color2Index_8666      00402e32 f   LCDP8666.obj
 0001:00001e92       _LCD_Index2Color_8666      00402e92 f   LCDP8666.obj
 0001:00001ef4       _LCD_GetIndexMask_8666     00402ef4 f   LCDP8666.obj
 0001:00001efa       _LCD_Color2Index_2         00402efa f   LCDP2.obj
 0001:00001f18       _LCD_Index2Color_2         00402f18 f   LCDP2.obj
 0001:00001f23       _LCD_GetIndexMask_2        00402f23 f   LCDP2.obj
 0001:00001f27       _LCD_Color2Index_4         00402f27 f   LCDP4.obj
 0001:00001f4e       _LCD_Index2Color_4         00402f4e f   LCDP4.obj
 0001:00001f59       _LCD_GetIndexMask_4        00402f59 f   LCDP4.obj
 0001:00001f5d       _GUI_DrawRect              00402f5d f   GUI2DLib.obj
 0001:0000201a       _GUI__AddSpaceHex          0040301a f   GUI__AddSpaceHex.obj
 0001:00002038       _GUI__CalcTextRect         00403038 f   GUI__CalcTextRect.obj
 0001:000020f9       _GUI__GetFontSizeY         004030f9 f   GUI__GetFontSizeY.obj
 0001:0000210b       _GUI__GetNumChars          0040310b f   GUI__GetNumChars.obj
 0001:0000212b       _GUI__HandleEOLine         0040312b f   GUI__HandleEOLine.obj
 0001:00002146       _GUI__IntersectRect        00403146 f   GUI__IntersectRect.obj
 0001:00002184       _GUI__IntersectRects       00403184 f   GUI__IntersectRects.obj
 0001:0000220e       _GUI__memset               0040320e f   GUI__memset.obj
 0001:000022a0       _GUI__memset16             004032a0 f   GUI__memset16.obj
 0001:000022fd       _GUI__Read16               004032fd f   GUI__Read.obj
 0001:00002310       _GUI__Read32               00403310 f   GUI__Read.obj
 0001:00002337       _GUI__ReduceRect           00403337 f   GUI__ReduceRect.obj
 0001:00002370       _GUI__SetText              00403370 f   GUI__SetText.obj
 0001:000023ca       _GUI__strcmp               004033ca f   GUI__strcmp.obj
 0001:00002402       _GUI__strcmp_hp            00403402 f   GUI__strcmp.obj
 0001:00002422       _GUI__strlen               00403422 f   GUI__strlen.obj
 0001:00002436       _GUI_AddDecShift           00403436 f   GUI_AddDecShift.obj
 0001:000024e6       _GUI_AddHex                004034e6 f   GUI_AddHex.obj
 0001:0000252a       _GUI_ALLOC_AllocZero       0040352a f   GUI_ALLOC_AllocZero.obj
 0001:00002574       _GUI_BMP_GetXSize          00403574 f   GUI_BMP.obj
 0001:00002592       _GUI_BMP_Draw              00403592 f   GUI_BMP.obj
 0001:000028b7       _GUI_ClearRectEx           004038b7 f   GUI_ClearRectEx.obj
 0001:000028d7       _GUI_DispString            004038d7 f   GUI_DispString.obj
 0001:00002a17       _GUI_DispStringAt          00403a17 f   GUI_DispStringAt.obj
 0001:00002a41       _GUI__DispStringInRect     00403a41 f   GUI_DispStringInRect.obj
 0001:00002bd9       _GUI_DispStringInRectMax   00403bd9 f   GUI_DispStringInRect.obj
 0001:00002c39       _GUI_DispStringInRect      00403c39 f   GUI_DispStringInRect.obj
 0001:00002c53       _GL_DrawBitmap             00403c53 f   GUI_DrawBitmap.obj
 0001:00002cfd       _GUI_DrawBitmap            00403cfd f   GUI_DrawBitmap.obj
 0001:00002d68       _GUI_DrawFocusRect         00403d68 f   GUI_DrawFocusRect.obj
 0001:00002e1d       _GUI_DrawHLine             00403e1d f   GUI_DrawHLine.obj
 0001:00002e7e       _GUI_DrawVLine             00403e7e f   GUI_DrawVLine.obj
 0001:00002edd       _GUI_ErrorOut              00403edd f   GUI_ErrorOut.obj
 0001:00002ee8       _GUI_ErrorOut1             00403ee8 f   GUI_ErrorOut.obj
 0001:00002f62       _GUI_ErrorOut2             00403f62 f   GUI_ErrorOut.obj
 0001:00002fbe       _GUI_ErrorOut3             00403fbe f   GUI_ErrorOut.obj
 0001:00003029       _GUI_Exec1                 00404029 f   GUI_Exec.obj
 0001:0000304e       _GUI_Exec                  0040404e f   GUI_Exec.obj
 0001:0000306a       _GUI_FillRect              0040406a f   GUI_FillRect.obj
 0001:000030d5       _GUI_GetBitmapPixelIndex   004040d5 f   GUI_GetBitmapPixelIndex.obj
 0001:000031aa       _GUI_GetClientRect         004041aa f   GUI_GetClientRect.obj
 0001:000031bc       _GUI_GetBkColor            004041bc f   GUI_GetColor.obj
 0001:000031d9       _GUI_GetColor              004041d9 f   GUI_GetColor.obj
 0001:000031f6       _GUI_GetFontSizeY          004041f6 f   GUI_GetFontSizeY.obj
 0001:0000320c       _GUI_GetStringDistX        0040420c f   GUI_GetStringDistX.obj
 0001:00003223       _GUI_GetVersionString      00404223 f   GUI_GetVersionString.obj
 0001:00003261       _GUI_GotoXY                00404261 f   GUI_Goto.obj
 0001:00003288       _GUI_InvertRect            00404288 f   GUI_InvertRect.obj
 0001:00003308       _GUI_Log                   00404308 f   GUI_Log.obj
 0001:00003313       _GUI_MergeRect             00404313 f   GUI_MergeRect.obj
 0001:000033a2       _GUI_MOUSE_StoreState      004043a2 f   GUI_MOUSE.obj
 0001:000033ce       _GUI_MoveRect              004043ce f   GUI_MoveRect.obj
 0001:000033ee       _GUI_GetKey                004043ee f   GUI_OnKey.obj
 0001:000033fb       _GUI_StoreKey              004043fb f   GUI_OnKey.obj
 0001:0000340e       _GUI_StoreKeyMsg           0040440e f   GUI_OnKey.obj
 0001:0000342b       _GUI_PollKeyMsg            0040442b f   GUI_OnKey.obj
 0001:00003472       _GUI_SetPenSize            00404472 f   GUI_Pen.obj
 0001:00003490       _GUI_PID_GetState          00404490 f   GUI_PID.obj
 0001:000034ad       _GUI_PID_StoreState        004044ad f   GUI_PID.obj
 0001:000034de       _GUI_RectsIntersect        004044de f   GUI_RectsIntersect.obj
 0001:00003513       _GUI_SaveContext_W_M       00404513 f   GUI_SaveContext.obj
 0001:00003526       _GUI_RestoreContext        00404526 f   GUI_SaveContext.obj
 0001:00003539       _GUI_SelectLCD             00404539 f   GUI_SelectLCD.obj
 0001:00003552       _GUI_SetBkColor            00404552 f   GUI_SetColor.obj
 0001:00003566       _GUI_SetColor              00404566 f   GUI_SetColor.obj
 0001:0000357a       _GUI_SetColorIndex         0040457a f   GUI_SetColorIndex.obj
 0001:00003598       _GL_SetDefault             00404598 f   GUI_SetDefault.obj
 0001:000035db       _GUI_SetDrawMode           004045db f   GUI_SetDrawMode.obj
 0001:000035f6       _GUI_SetFont               004045f6 f   GUI_SetFont.obj
 0001:00003618       _GUI_SetLineStyle          00404618 f   GUI_SetLineStyle.obj
 0001:00003636       _LCD_SetPixelIndex         00404636 f   GUI_SetPixelIndex.obj
 0001:0000367f       _GUI_SetTextAlign          0040467f f   GUI_SetTextAlign.obj
 0001:000036a0       _GUI_SetTextMode           004046a0 f   GUI_SetTextMode.obj
 0001:00003907       _GUI_TOUCH_GetState        00404907 f   GUI_TOUCH.obj
 0001:00003923       _GUI_TOUCH_StoreStateEx    00404923 f   GUI_TOUCH.obj
 0001:0000394f       _GUI_TOUCH_GetxPhys        0040494f f   GUI_TOUCH_DriverAnalog.obj
 0001:00003955       _GUI_TOUCH_GetyPhys        00404955 f   GUI_TOUCH_DriverAnalog.obj
 0001:0000395b       _GUI_TOUCH_SetDefaultCalibration 0040495b f   GUI_TOUCH_DriverAnalog.obj
 0001:00003984       _GUI_TOUCH_Calibrate       00404984 f   GUI_TOUCH_DriverAnalog.obj
 0001:00003a01       _GUI_TOUCH_StoreState      00404a01 f   GUI_TOUCH_StoreState.obj
 0001:00003a38       _GUI_UC_GetCharSize        00404a38 f   GUI_UC.obj
 0001:00003a56       _GUI_UC_GetCharCode        00404a56 f   GUI_UC.obj
 0001:00003a74       _GUI_UC_Encode             00404a74 f   GUI_UC.obj
 0001:00003a97       _GUI_UC__CalcSizeOfChar    00404a97 f   GUI_UC.obj
 0001:00003aa5       _GUI_UC__GetCharCodeInc    00404aa5 f   GUI_UC.obj
 0001:00003ace       _GUI_UC__NumChars2NumBytes 00404ace f   GUI_UC.obj
 0001:00003c23       _GUI_Warn                  00404c23 f   GUI_Warn.obj
 0001:00003c2e       _GUI_Warn1                 00404c2e f   GUI_Warn.obj
 0001:00003c6f       _GUI_Warn2                 00404c6f f   GUI_Warn.obj
 0001:00003cbe       _GUI_ALLOC_Init            00404cbe f   GUIAlloc.obj
 0001:00003d10       _GUI_ALLOC_AllocNoInit     00404d10 f   GUIAlloc.obj
 0001:00003f9f       _GUI_ALLOC_h2p             00404f9f f   GUIAlloc.obj
 0001:00003fe2       _GUI_ALLOC_GetMaxSize      00404fe2 f   GUIAlloc.obj
 0001:00004053       _GUI_ALLOC_GetSize         00405053 f   GUIAlloc.obj
 0001:00004084       _GUI_ALLOC_Free            00405084 f   GUIAlloc.obj
 0001:00004146       _GUI_ALLOC_FreePtr         00405146 f   GUIAlloc.obj
 0001:00004165       _GUI_DispNextLine          00405165 f   GUIChar.obj
 0001:00004187       _GL_DispChar               00405187 f   GUIChar.obj
 0001:000041c1       _GUI_GetYAdjust            004051c1 f   GUIChar.obj
 0001:00004200       _GUI_GetFontDistY          00405200 f   GUIChar.obj
 0001:0000421f       _GUI_GetCharDistX          0040521f f   GUIChar.obj
 0001:0000423d       _GUI__GetLineNumChars      0040523d f   GUICharLine.obj
 0001:00004287       _GUI__GetLineDistX         00405287 f   GUICharLine.obj
 0001:000042d0       _GUI__DispLine             004052d0 f   GUICharLine.obj
 0001:000043f1       _GUIMONO_DispChar          004053f1 f   GUICharM.obj
 0001:000045a0       _GUIMONO_GetCharDistX      004055a0 f   GUICharM.obj
 0001:000045b5       _GUIMONO_GetFontInfo       004055b5 f   GUICharM.obj
 0001:000045bf       _GUIMONO_IsInFont          004055bf f   GUICharM.obj
 0001:000045ef       _GUIPROP_DispChar          004055ef f   GUICharP.obj
 0001:00004720       _GUIPROP_GetCharDistX      00405720 f   GUICharP.obj
 0001:00004759       _GUIPROP_GetFontInfo       00405759 f   GUICharP.obj
 0001:00004763       _GUIPROP_IsInFont          00405763 f   GUICharP.obj
 0001:0000477c       _GL_FillCircle             0040577c f   GUICirc.obj
 0001:0000488c       _GUI_FillCircle            0040588c f   GUICirc.obj
 0001:000048d0       _GUI_ClearRect             004058d0 f   GUICore.obj
 0001:00004950       _GUI_Clear                 00405950 f   GUICore.obj
 0001:00004970       _GUI_Init                  00405970 f   GUICore.obj
 0001:00004b20       _GUI_CURSOR_SetPosition    00405b20 f   GUICurs.obj
 0001:00004e84       _GUI_ALLOC_Realloc         00405e84 f   GUIRealloc.obj
 0001:00004ee5       _GUI_DrawStreamedBitmap    00405ee5 f   GUIStream.obj
 0001:00004f4f       _GUI_Unlock                00405f4f f   GUITask.obj
 0001:00004f71       _GUI_Lock                  00405f71 f   GUITask.obj
 0001:0000503f       _GUITASK_Init              0040603f f   GUITask.obj
 0001:0000504b       _GUITASK_CopyContext       0040604b f   GUITask.obj
 0001:0000506f       _GUI_GetTime               0040606f f   GUITime.obj
 0001:00005074       _GUI_Delay                 00406074 f   GUITime.obj
 0001:000050a7       _GUI_TIMER_Exec            004060a7 f   GUITimer.obj
 0001:00005115       _GUI_TIMER_Create          00406115 f   GUITimer.obj
 0001:0000523d       _GUI_TIMER_SetPeriod       0040623d f   GUITimer.obj
 0001:00005258       _GUI_TIMER_SetTime         00406258 f   GUITimer.obj
 0001:00005273       _GUI_TIMER_Context         00406273 f   GUITimer.obj
 0001:0000528e       _GUI_TIMER_Restart         0040628e f   GUITimer.obj
 0001:000052d8       _GUI_DispDecShift          004062d8 f   GUIVal.obj
 0001:00005304       _GUI_DispDec               00406304 f   GUIVal.obj
 0001:00005317       _LCD_SetColorIndex         00406317 f   LCD.obj
 0001:00005339       _LCD_SetBkColorIndex       00406339 f   LCD.obj
 0001:0000534c       _LCD_SetDrawMode           0040634c f   LCD.obj
 0001:00005381       _LCD_DrawPixel             00406381 f   LCD.obj
 0001:000053e1       _LCD_DrawHLine             004063e1 f   LCD.obj
 0001:00005432       _LCD_FillRect              00406432 f   LCD.obj
 0001:00005492       _LCD_DrawBitmap            00406492 f   LCD.obj
 0001:000056bf       _LCD_SetClipRectMax        004066bf f   LCD.obj
 0001:000056ce       _LCD_Init                  004066ce f   LCD.obj
 0001:00005714       _LCD_Color2Index           00406714 f   LCD.obj
 0001:00005721       _LCD_Index2Color           00406721 f   LCD.obj
 0001:0000572f       _LCD_SetBkColor            0040672f f   LCD.obj
 0001:0000574f       _LCD_SetColor              0040674f f   LCD.obj
 0001:00005c32       _LCD_DrawVLine             00406c32 f   LCD_DrawVLine.obj
 0001:00005c83       _LCD_GetBkColorIndex       00406c83 f   LCD_GetColorIndex.obj
 0001:00005c8b       _LCD_GetColorIndex         00406c8b f   LCD_GetColorIndex.obj
 0001:00005c93       _LCD_GetVXSizeEx           00406c93 f   LCD_GetEx.obj
 0001:00005c93       _LCD_GetXSizeEx            00406c93 f   LCD_GetEx.obj
 0001:00005ca5       _LCD_GetYSizeEx            00406ca5 f   LCD_GetEx.obj
 0001:00005ca5       _LCD_GetVYSizeEx           00406ca5 f   LCD_GetEx.obj
 0001:00005cb5       _LCD_GetXMagEx             00406cb5 f   LCD_GetEx.obj
 0001:00005cb5       _LCD_GetFixedPaletteEx     00406cb5 f   LCD_GetEx.obj
 0001:00005cb5       _LCD_GetYMagEx             00406cb5 f   LCD_GetEx.obj
 0001:00005cb5       _LCD_GetBitsPerPixel_L0Ex  00406cb5 f   LCD_GetEx.obj
 0001:00005cb5       _LCD_GetBitsPerPixelEx     00406cb5 f   LCD_GetEx.obj
 0001:00005cbf       _LCD_GetNumColorsEx        00406cbf f   LCD_GetEx.obj
 0001:00005ccc       _LCD_Index2ColorEx         00406ccc f   LCD_Index2ColorEx.obj
 0001:00005ce7       _LCD_L0_Color2Index        00406ce7 f   LCD_L0_Generic.obj
 0001:00005cf2       _LCD_L0_Index2Color        00406cf2 f   LCD_L0_Generic.obj
 0001:00005cfd       _LCD_L0_GetIndexMask       00406cfd f   LCD_L0_Generic.obj
 0001:00005d02       _LCD_L0_GetRect            00406d02 f   LCD_L0_Generic.obj
 0001:000067d1       _LCD_SelectLCD             004077d1 f   LCD_SelectLCD.obj
 0001:000067f2       _LCD_SetClipRectEx         004077f2 f   LCD_SetClipRectEx.obj
 0001:00006819       _LCD_UpdateColorIndices    00407819 f   LCD_UpdateColorIndices.obj
 0001:0000683f       _LCD_GetpPalConvTableUncached 0040783f f   LCDColor.obj
 0001:00006884       _LCD_GetpPalConvTable      00407884 f   LCDColor.obj
 0001:0000688f       _LCD_InitLUT               0040788f f   LCDColor.obj
 0001:000068ad       _LCD_GetDevCap             004078ad f   LCDInfo.obj
 0001:00006911       _LCD_GetXSize              00407911 f   LCDInfo0.obj
 0001:00006917       _LCD_GetYSize              00407917 f   LCDInfo0.obj
 0001:0000691d       _LCD_GetNumColors          0040791d f   LCDInfo0.obj
 0001:00006921       _LCD_Color2Index_1         00407921 f   LCDP1.obj
 0001:00006945       _LCD_Index2Color_1         00407945 f   LCDP1.obj
 0001:00006953       _LCD_GetXMag               00407953 f   LCDP1.obj
 0001:00006953       _LCD_GetNumLayers          00407953 f   LCDP1.obj
 0001:00006953       _LCD_GetIndexMask_1        00407953 f   LCDP1.obj
 0001:00006953       _GetGroupValveStatus       00407953 f   LCDP1.obj
 0001:00006953       _LCD_GetYMag               00407953 f   LCDP1.obj
 0001:00006953       _CloseValve                00407953 f   LCDP1.obj
 0001:00006953       _SetValveCurPos            00407953 f   LCDP1.obj
 0001:00006953       _OpenValve                 00407953 f   LCDP1.obj
 0001:00006953       _StopValve                 00407953 f   LCDP1.obj
 0001:00006953       _GetValveOpenStatus        00407953 f   LCDP1.obj
 0001:00006957       _LCD_Index2Color_565       00407957 f   LCDP565_Index2Color.obj
 0001:000069a7       _LCD_Index2Color_M565      004079a7 f   LCDPM565_Index2Color.obj
 0001:00006f70       _LCD_L0_DrawHLine          00407f70 f   LCDWin.obj
 0001:00006fb4       _LCD_L0_DrawVLine          00407fb4 f   LCDWin.obj
 0001:00006ff8       _LCD_L0_FillRect           00407ff8 f   LCDWin.obj
 0001:00007019       _LCD_L0_DrawBitmap         00408019 f   LCDWin.obj
 0001:00007563       _LCD_L0_SetLUTEntry        00408563 f   LCDWin.obj
 0001:00007576       _LCD_L0_GetPixelIndex      00408576 f   LCDWin.obj
 0001:00007589       _LCD_L0_XorPixel           00408589 f   LCDWin.obj
 0001:00007599       _LCD_L0_SetPixelIndex      00408599 f   LCDWin.obj
 0001:000075b0       _BUTTON_Callback           004085b0 f   BUTTON.obj
 0001:0000787d       _BUTTON_CreateEx           0040887d f   BUTTON.obj
 0001:000078f4       _BUTTON_SetText            004088f4 f   BUTTON.obj
 0001:0000792e       _BUTTON_SetState           0040892e f   BUTTON.obj
 0001:0000793e       _BUTTON__SetDrawObj        0040893e f   BUTTON__SetBitmapObj.obj
 0001:00007998       _BUTTON_SetBitmapEx        00408998 f   BUTTON_Bitmap.obj
 0001:000079ba       _BUTTON_SetBitmap          004089ba f   BUTTON_Bitmap.obj
 0001:000079d3       _BUTTON_Create             004089d3 f   BUTTON_Create.obj
 0001:000079f6       _EDIT_h2p                  004089f6 f   EDIT.obj
 0001:00007a1b       _ShowCurrsor               00408a1b f   EDIT.obj
 0001:00007cc1       _EDIT_SetCursorAtPixel     00408cc1 f   EDIT.obj
 0001:00007dcf       _EDIT__SetCursorPos        00408dcf f   EDIT.obj
 0001:00007e1d       _EDIT_CreateEx             00408e1d f   EDIT.obj
 0001:00008019       _EDIT_AddKey               00409019 f   EDIT.obj
 0001:000082d8       _EDIT_SetFont              004092d8 f   EDIT.obj
 0001:0000830a       _EDIT_SetText              0040930a f   EDIT.obj
 0001:000083d1       _EDIT_GetText              004093d1 f   EDIT.obj
 0001:00008439       _EDIT_Create               00409439 f   EDIT_Create.obj
 0001:0000845f       _GUI_DRAW__Draw            0040945f f   GUI_DRAW.obj
 0001:000084ba       _GUI_DRAW_BITMAP_Create    004094ba f   GUI_DRAW_BITMAP.obj
 0001:00008573       _WIDGET__RotateRect90      00409573 f   WIDGET.obj
 0001:000085b0       _WIDGET__GetInsideRect     004095b0 f   WIDGET.obj
 0001:000085d7       _WIDGET_SetState           004095d7 f   WIDGET.obj
 0001:00008605       _WIDGET_OrState            00409605 f   WIDGET.obj
 0001:00008643       _WIDGET_AndState           00409643 f   WIDGET.obj
 0001:0000867f       _WIDGET__Init              0040967f f   WIDGET.obj
 0001:0000869f       _WIDGET_HandleActive       0040969f f   WIDGET.obj
 0001:000087c7       _WIDGET__EFFECT_DrawDownRect 004097c7 f   WIDGET.obj
 0001:00008883       _WIDGET__EFFECT_DrawDown   00409883 f   WIDGET.obj
 0001:00008a0f       _WIDGET_EFFECT_3D_DrawUp   00409a0f f   WIDGET_Effect_3D.obj
 0001:00008e1d       _WIDGET__FillStringInRect  00409e1d f   WIDGET_FillStringInRect.obj
 0001:00008f2f       _WM__ClipAtParentBorders   00409f2f f   WM.obj
 0001:00008f87       _WM__ActivateClipRect      00409f87 f   WM.obj
 0001:0000904e       _WM__InsertWindowIntoList  0040a04e f   WM.obj
 0001:000090fc       _WM__RemoveWindowFromList  0040a0fc f   WM.obj
 0001:0000915d       _WM__DetachWindow          0040a15d f   WM.obj
 0001:00009189       _WM__Client2Screen         0040a189 f   WM.obj
 0001:000091a3       _WM__IsWindow              0040a1a3 f   WM.obj
 0001:000091d7       _WM__InvalidateAreaBelow   0040a1d7 f   WM.obj
 0001:000091e2       _WM__RemoveFromLinList     0040a1e2 f   WM.obj
 0001:00009224       _WM__RectIsNZ              0040a224 f   WM.obj
 0001:00009244       _WM_SendMessage            0040a244 f   WM.obj
 0001:00009274       _WM__SendMsgNoData         0040a274 f   WM.obj
 0001:00009296       _WM__GetClientRectWin      0040a296 f   WM.obj
 0001:000092bf       _WM_InvalidateRect         0040a2bf f   WM.obj
 0001:000093ee       _WM_InvalidateWindow       0040a3ee f   WM.obj
 0001:000093fc       _WM_InvalidateArea         0040a3fc f   WM.obj
 0001:0000943d       _WM_CreateWindowAsChild    0040a43d f   WM.obj
 0001:000095c8       _WM_CreateWindow           0040a5c8 f   WM.obj
 0001:000095ec       _WM_DeleteWindow           0040a5ec f   WM.obj
 0001:0000971d       _WM_SelectWindow           0040a71d f   WM.obj
 0001:00009786       _WM_GetActiveWindow        0040a786 f   WM.obj
 0001:0000978d       _WM__GetNextIVR            0040a78d f   WM.obj
 0001:00009bb1       _WM__InitIVRSearch         0040abb1 f   WM.obj
 0001:00009ce4       _WM_SetDefault             0040ace4 f   WM.obj
 0001:00009cf1       _WM__PaintWinAndOverlays   0040acf1 f   WM.obj
 0001:00009f1a       _WM_Exec1                  0040af1a f   WM.obj
 0001:0000a0cc       _WM_Exec                   0040b0cc f   WM.obj
 0001:0000a0e8       _WM_Activate               0040b0e8 f   WM.obj
 0001:0000a0f0       _WM_Deactivate             0040b0f0 f   WM.obj
 0001:0000a106       _WM_DefaultProc            0040b106 f   WM.obj
 0001:0000a16b       _WM_Init                   0040b16b f   WM.obj
 0001:0000a230       _WM__ForEachDesc           0040b230 f   WM__ForEachDesc.obj
 0001:0000a272       _WM__GetFirstSibling       0040b272 f   WM__GetFirstSibling.obj
 0001:0000a290       _WM__GetPrevSibling        0040b290 f   WM__GetPrevSibling.obj
 0001:0000a2c3       _WM__IsAncestor            0040b2c3 f   WM__IsAncestor.obj
 0001:0000a2f6       _WM__IsEnabled             0040b2f6 f   WM__IsEnabled.obj
 0001:0000a310       _WM__SendMessage           0040b310 f   WM__SendMessage.obj
 0001:0000a338       _WM__SendMessageIfEnabled  0040b338 f   WM__SendMessageIfEnabled.obj
 0001:0000a356       _WM__UpdateChildPositions  0040b356 f   WM__UpdateChildPositions.obj
 0001:0000a473       _WM_BringToBottom          0040b473 f   WM_BringToBottom.obj
 0001:0000a4d7       _WM_BringToTop             0040b4d7 f   WM_BringToTop.obj
 0001:0000a560       _WM__AddCriticalHandle     0040b560 f   WM_CriticalHandle.obj
 0001:0000a572       _WM__RemoveCriticalHandle  0040b572 f   WM_CriticalHandle.obj
 0001:0000a59c       _WM_ForEachDesc            0040b59c f   WM_ForEachDesc.obj
 0001:0000a5ba       _WM_GetClientRectEx        0040b5ba f   WM_GetClientRect.obj
 0001:0000a5e9       _WM_GetClientRect          0040b5e9 f   WM_GetClientRect.obj
 0001:0000a61d       _WM_GetDesktopWindow       0040b61d f   WM_GetDesktopWindow.obj
 0001:0000a624       _WM_GetParent              0040b624 f   WM_GetParent.obj
 0001:0000a648       _WM_GetWindowRect          0040b648 f   WM_GetWindowRect.obj
 0001:0000a68a       _WM__GetWindowSizeX        0040b68a f   WM_GetWindowSize.obj
 0001:0000a699       _WM_GetWindowSizeX         0040b699 f   WM_GetWindowSize.obj
 0001:0000a6d1       _WM_IsWindow               0040b6d1 f   WM_IsWindow.obj
 0001:0000a6ec       _WM__MoveWindow            0040b6ec f   WM_Move.obj
 0001:0000a7ba       _WM_MoveWindow             0040b7ba f   WM_Move.obj
 0001:0000a7d8       _WM_NotifyParent           0040b7d8 f   WM_NotifyParent.obj
 0001:0000a7fb       _WM_OnKey                  0040b7fb f   WM_OnKey.obj
 0001:0000a846       _WM_ResizeWindow           0040b846 f   WM_ResizeWindow.obj
 0001:0000a93f       _WM__IsInWindow            0040b93f f   WM_Screen2Win.obj
 0001:0000a977       _WM_Screen2hWin            0040b977 f   WM_Screen2Win.obj
 0001:0000aa08       _WM_SendToParent           0040ba08 f   WM_SendToParent.obj
 0001:0000aa6a       _WM_ReleaseCapture         0040ba6a f   WM_SetCapture.obj
 0001:0000aa79       _WM_SetFocus               0040ba79 f   WM_SetFocus.obj
 0001:0000ab6c       _WM_SetUserClipRect        0040bb6c f   WM_SetUserClipRect.obj
 0001:0000ab8f       _WM_EnableMemdev           0040bb8f f   WMMemDev.obj
 0001:0000abb0       _WM__IsInModalArea         0040bbb0 f   WMTouch.obj
 0001:0000abe2       _WM__SendPIDMessage        0040bbe2 f   WMTouch.obj
 0001:0000ac46       _WM__SendTouchMessage      0040bc46 f   WMTouch.obj
 0001:0000ac78       _WM_HandlePID              0040bc78 f   WMTouch.obj
 0001:0000ae4a       _GUI_MEMDEV__GetRect       0040be4a f   GUIDEV.obj
 0001:0000ae83       _GUI_MEMDEV__Color2Index   0040be83 f   GUIDEV.obj
 0001:0000ae99       _GUI_MEMDEV__Index2Color   0040be99 f   GUIDEV.obj
 0001:0000aeaf       _GUI_MEMDEV__GetIndexMask  0040beaf f   GUIDEV.obj
 0001:0000aebf       _GUI_MEMDEV_Delete         0040bebf f   GUIDEV.obj
 0001:0000af01       _GUI_MEMDEV__CreateFixed   0040bf01 f   GUIDEV.obj
 0001:0000b023       _GUI_MEMDEV_CreateEx       0040c023 f   GUIDEV.obj
 0001:0000b086       _GUI_MEMDEV_Select         0040c086 f   GUIDEV.obj
 0001:0000b0f0       _GUI_MEMDEV__WriteToActiveAt 0040c0f0 f   GUIDEV.obj
 0001:0000b269       _GUI_MEMDEV_CopyToLCDAt    0040c269 f   GUIDEV.obj
 0001:0000b30b       _GUI_MEMDEV_CopyToLCD      0040c30b f   GUIDEV.obj
 0001:0000d03f       _GUI_MEMDEV_Draw           0040e03f f   GUIDEV_Banding.obj
 0001:0000d19b       _GUI_MEMDEV_Clear          0040e19b f   GUIDEV_Clear.obj
 0001:0000d1db       _GUI_MEMDEV_GetYSize       0040e1db f   GUIDEV_GetYSize.obj
 0001:0000d4b3       _GUI_MEMDEV_ReduceYSize    0040e4b3 f   GUIDEV_ReduceYSize.obj
 0001:0000d4eb       _GUI_MEMDEV_SetOrg         0040e4eb f   GUIDEV_SetOrg.obj
 0001:0000d55e       _GUI_USAGE_DecUseCnt       0040e55e f   GUIDEV_Usage.obj
 0001:0000d587       _GUI_USAGE_AddRect         0040e587 f   GUIDEV_Usage.obj
 0001:0000d79b       _GUI_USAGE_BM_Create       0040e79b f   GUIDEV_UsageBM.obj
 0001:0000d81a       _GUI_X_ExecIdle            0040e81a f   GUI_X_Sim.obj
 0001:0000d81f       _GUI_X_GetTime             0040e81f f   GUI_X_Sim.obj
 0001:0000d824       _GUI_X_Delay               0040e824 f   GUI_X_Sim.obj
 0001:0000d82f       _GUI_X_InitOS              0040e82f f   GUI_X_Sim.obj
 0001:0000d844       _GUI_X_GetTaskId           0040e844 f   GUI_X_Sim.obj
 0001:0000d84a       _GUI_X_Lock                0040e84a f   GUI_X_Sim.obj
 0001:0000d873       _GUI_X_Unlock              0040e873 f   GUI_X_Sim.obj
 0001:0000d886       _GUI_X_Log                 0040e886 f   GUI_X_Sim.obj
 0001:0000d891       _GUI_X_Warn                0040e891 f   GUI_X_Sim.obj
 0001:0000d89c       _GUI_X_ErrorOut            0040e89c f   GUI_X_Sim.obj
 0001:0000d8a7       _LCDSIM_Init               0040e8a7 f   LCDSIM.obj
 0001:0000db8b       _LCDSIM_PaintEx            0040eb8b f   LCDSIM.obj
 0001:0000dcc5       _LCDSIM_PaintAt            0040ecc5 f   LCDSIM.obj
 0001:0000dd40       _LCDSIM_Paint              0040ed40 f   LCDSIM.obj
 0001:0000dd51       _LCDSIM_GetModifyCnt       0040ed51 f   LCDSIM.obj
 0001:0000dd67       _LCDSIM_GetModifyCntInfo   0040ed67 f   LCDSIM.obj
 0001:0000dd6d       _LCDSIM_Index2Color        0040ed6d f   LCDSIM.obj
 0001:0000ddbd       _LCDSIM_SetPixelIndex      0040edbd f   LCDSIM.obj
 0001:0000de61       _LCDSIM_GetPixelIndex      0040ee61 f   LCDSIM.obj
 0001:0000deda       _LCDSIM_GetPixelColor      0040eeda f   LCDSIM.obj
 0001:0000df20       _LCDSIM_SetLUTEntry        0040ef20 f   LCDSIM.obj
 0001:0000e016       _LCDSIM_CheckMouseState    0040f016 f   LCDSIM.obj
 0001:0000e097       _LCDSIM_SetMouseState      0040f097 f   LCDSIM.obj
 0001:0000e0c1       __HandleKeyEvents          0040f0c1 f   WinMain.obj
 0001:0000e193       _SIM_SetTransColor         0040f193 f   WinMain.obj
 0001:0000e1a3       _SIM_GetMagX               0040f1a3 f   WinMain.obj
 0001:0000e1a9       _SIM_GetMagY               0040f1a9 f   WinMain.obj
 0001:0000e1af       _SIM_SetLCDPos             0040f1af f   WinMain.obj
 0001:0000e1c2       _SIM_GetTime               0040f1c2 f   WinMain.obj
 0001:0000e1cf       _SIM_Delay                 0040f1cf f   WinMain.obj
 0001:0000e226       _SIM_ExecIdle              0040f226 f   WinMain.obj
 0001:0000e22f       _SIM_Log                   0040f22f f   WinMain.obj
 0001:0000e33c       _SIM_Warn                  0040f33c f   WinMain.obj
 0001:0000e377       _SIM_ErrorOut              0040f377 f   WinMain.obj
 0001:0000e427       _WinMain@16                0040f427 f   WinMain.obj
 0001:0000fffa       _SIM_X_Init                00410ffa f   SIM_X.obj
 0001:00010051       _sprintf                   00411051 f   libcmt:sprintf.obj
 0001:000100a3       _fclose                    004110a3 f   libcmt:fclose.obj
 0001:000100d4       __fclose_lk                004110d4 f   libcmt:fclose.obj
 0001:00010120       _fwrite                    00411120 f   libcmt:fwrite.obj
 0001:0001014f       __fwrite_lk                0041114f f   libcmt:fwrite.obj
 0001:00010259       __fsopen                   00411259 f   libcmt:fopen.obj
 0001:0001028a       _fopen                     0041128a f   libcmt:fopen.obj
 0001:0001029d       _fread                     0041129d f   libcmt:fread.obj
 0001:000102cc       __fread_lk                 004112cc f   libcmt:fread.obj
 0001:000103b4       _ftell                     004113b4 f   libcmt:ftell.obj
 0001:000103d6       __ftell_lk                 004113d6 f   libcmt:ftell.obj
 0001:00010537       _fseek                     00411537 f   libcmt:fseek.obj
 0001:00010563       __fseek_lk                 00411563 f   libcmt:fseek.obj
 0001:000105f0       _strcmp                    004115f0 f   libcmt:strcmp.obj
 0001:00010680       _strcpy                    00411680 f   libcmt:strcat.obj
 0001:00010690       _strcat                    00411690 f   libcmt:strcat.obj
 0001:00010770       _strlen                    00411770 f   libcmt:strlen.obj
 0001:000107f0       _memcpy                    004117f0 f   libcmt:memcpy.obj
 0001:00010b30       _memset                    00411b30 f   libcmt:memset.obj
 0001:00010b88       _atol                      00411b88 f   libcmt:atox.obj
 0001:00010c13       _atoi                      00411c13 f   libcmt:atox.obj
 0001:00010c1e       _labs                      00411c1e f   libcmt:labs.obj
 0001:00010c30       _memcmp                    00411c30 f   libcmt:memcmp.obj
 0001:00010ce0       _memmove                   00411ce0 f   libcmt:memmove.obj
 0001:00011020       __CIcos                    00412020 f   libcmt:cos.obj
 0001:00011034       _cos                       00412034 f   libcmt:cos.obj
 0001:000110d0       __CIsin                    004120d0 f   libcmt:sin.obj
 0001:000110e4       _sin                       004120e4 f   libcmt:sin.obj
 0001:0001117e       __fpmath                   0041217e f   libcmt:fpinit.obj
 0001:00011195       _GUI_X_Init                00412195 f   libcmt:fpinit.obj
 0001:00011195       _LCD_L0_On                 00412195 f   libcmt:fpinit.obj
 0001:00011195       __fpclear                  00412195 f   libcmt:fpinit.obj
 0001:00011196       __cfltcvt_init             00412196 f   libcmt:fpinit.obj
 0001:000111d0       __ftol                     004121d0 f   libcmt:ftol.obj
 0001:00011200       __CIsqrt                   00412200 f   libcmt:sqrt.obj
 0001:00011214       _sqrt                      00412214 f   libcmt:sqrt.obj
 0001:000112ba       _malloc                    004122ba f   libcmt:malloc.obj
 0001:000112cc       __nh_malloc                004122cc f   libcmt:malloc.obj
 0001:000112f8       __heap_alloc               004122f8 f   libcmt:malloc.obj
 0001:000113f4       _free                      004123f4 f   libcmt:free.obj
 0001:000114dd       __cinit                    004124dd f   libcmt:crt0dat.obj
 0001:0001150a       _exit                      0041250a f   libcmt:crt0dat.obj
 0001:0001151b       __exit                     0041251b f   libcmt:crt0dat.obj
 0001:000115d1       __lockexit                 004125d1 f   libcmt:crt0dat.obj
 0001:000115da       __unlockexit               004125da f   libcmt:crt0dat.obj
 0001:00011600       _strncpy                   00412600 f   libcmt:strncpy.obj
 0001:00011700       __chkstk                   00412700 f   libcmt:chkstk.obj
 0001:00011700       __alloca_probe             00412700 f   libcmt:chkstk.obj
 0001:0001172f       _WinMainCRTStartup         0041272f f   libcmt:wincrt0.obj
 0001:00011837       __amsg_exit                00412837 f   libcmt:wincrt0.obj
 0001:00011880       __flsbuf                   00412880 f   libcmt:_flsbuf.obj
 0001:00011998       __output                   00412998 f   libcmt:output.obj
 0001:000121ff       ___initstdio               004131ff f   libcmt:_file.obj
 0001:000122a7       ___endstdio                004132a7 f   libcmt:_file.obj
 0001:000122bb       __lock_file                004132bb f   libcmt:_file.obj
 0001:000122ea       __lock_file2               004132ea f   libcmt:_file.obj
 0001:0001230d       __unlock_file              0041330d f   libcmt:_file.obj
 0001:0001233c       __unlock_file2             0041333c f   libcmt:_file.obj
 0001:0001235f       __close                    0041335f f   libcmt:close.obj
 0001:000123bc       __close_lk                 004133bc f   libcmt:close.obj
 0001:0001243f       __freebuf                  0041343f f   libcmt:_freebuf.obj
 0001:0001246a       __fflush_lk                0041346a f   libcmt:fflush.obj
 0001:00012498       __flush                    00413498 f   libcmt:fflush.obj
 0001:000124f4       __flushall                 004134f4 f   libcmt:fflush.obj
 0001:000125a1       __write                    004135a1 f   libcmt:write.obj
 0001:00012606       __write_lk                 00413606 f   libcmt:write.obj
 0001:00012791       __openfile                 00413791 f   libcmt:_open.obj
 0001:00012901       __getstream                00413901 f   libcmt:stream.obj
 0001:000129c9       __filbuf                   004139c9 f   libcmt:_filbuf.obj
 0001:00012aa5       __read                     00413aa5 f   libcmt:read.obj
 0001:00012b0a       __read_lk                  00413b0a f   libcmt:read.obj
 0001:00012ce3       __dosmaperr                00413ce3 f   libcmt:dosmap.obj
 0001:00012d56       __errno                    00413d56 f   libcmt:dosmap.obj
 0001:00012d5f       ___doserrno                00413d5f f   libcmt:dosmap.obj
 0001:00012d68       __ioinit                   00413d68 f   libcmt:ioinit.obj
 0001:00012f24       __lseek                    00413f24 f   libcmt:lseek.obj
 0001:00012f89       __lseek_lk                 00413f89 f   libcmt:lseek.obj
 0001:00012ffc       __isctype                  00413ffc f   libcmt:isctype.obj
 0001:00013080       __allmul                   00414080 f   libcmt:llmul.obj
 0001:000130b4       __raise_exc                004140b4 f   libcmt:fpexcept.obj
 0001:00013367       __handle_exc               00414367 f   libcmt:fpexcept.obj
 0001:0001357e       __set_errno                0041457e f   libcmt:fpexcept.obj
 0001:000135a6       __set_exp                  004145a6 f   libcmt:util.obj
 0001:000135cf       __decomp                   004145cf f   libcmt:util.obj
 0001:00013690       __statfp                   00414690 f   libcmt:fpctrl.obj
 0001:0001369e       __clrfp                    0041469e f   libcmt:fpctrl.obj
 0001:000136ad       __ctrlfp                   004146ad f   libcmt:fpctrl.obj
 0001:000136d0       __set_statfp               004146d0 f   libcmt:fpctrl.obj
 0001:00013730       __trandisp1                00414730 f   libcmt:87disp.obj
 0001:00013797       __trandisp2                00414797 f   libcmt:87disp.obj
 0001:00013823       __rttospopde               00414823 f   libcmt:87disp.obj
 0001:00013828       __rttospop                 00414828 f   libcmt:87disp.obj
 0001:0001382a       __rtnospop                 0041482a f   libcmt:87disp.obj
 0001:0001382c       __rttosnpop                0041482c f   libcmt:87disp.obj
 0001:0001382d       __rtnospopde               0041482d f   libcmt:87disp.obj
 0001:00013834       __rtzeropop                00414834 f   libcmt:87disp.obj
 0001:00013836       __rtzeronpop               00414836 f   libcmt:87disp.obj
 0001:0001383b       __rtonepop                 0041483b f   libcmt:87disp.obj
 0001:0001383d       __rtonenpop                0041483d f   libcmt:87disp.obj
 0001:00013842       __tosnan1                  00414842 f   libcmt:87disp.obj
 0001:0001386d       __nosnan2                  0041486d f   libcmt:87disp.obj
 0001:0001386f       __tosnan2                  0041486f f   libcmt:87disp.obj
 0001:00013897       __nan2                     00414897 f   libcmt:87disp.obj
 0001:000138d6       __rtindfpop                004148d6 f   libcmt:87disp.obj
 0001:000138d8       __rtindfnpop               004148d8 f   libcmt:87disp.obj
 0001:000138e9       __rttosnpopde              004148e9 f   libcmt:87disp.obj
 0001:000138f3       __rtchsifneg               004148f3 f   libcmt:87disp.obj
 0001:00013900       __twoToTOS                 00414900 f   libcmt:common.obj
 0001:00013915       __load_CW                  00414915 f   libcmt:common.obj
 0001:0001392c       __convertTOStoQNaN         0041492c f   libcmt:common.obj
 0001:00013945       __fload_withFB             00414945 f   libcmt:common.obj
 0001:00013988       __checkTOS_withFB          00414988 f   libcmt:common.obj
 0001:0001399e       __fast_exit                0041499e f   libcmt:common.obj
 0001:000139ab       __math_exit                004149ab f   libcmt:common.obj
 0001:000139d5       __check_overflow_exit      004149d5 f   libcmt:common.obj
 0001:000139e9       __check_range_exit         004149e9 f   libcmt:common.obj
 0001:00013a90       __startTwoArgErrorHandling 00414a90 f   libcmt:genexcep.obj
 0001:00013aa7       __startOneArgErrorHandling 00414aa7 f   libcmt:genexcep.obj
 0001:00013ae3       __setdefaultprecision      00414ae3 f   libcmt:fp8.obj
 0001:00013af5       __ms_p5_test_fdiv          00414af5 f   libcmt:testfdiv.obj
 0001:00013b33       __ms_p5_mp_test_fdiv       00414b33 f   libcmt:testfdiv.obj
 0001:00013b5c       __forcdecpt                00414b5c f   libcmt:cvt.obj
 0001:00013bb6       __cropzeros                00414bb6 f   libcmt:cvt.obj
 0001:00013c04       __positive                 00414c04 f   libcmt:cvt.obj
 0001:00013c1c       __fassign                  00414c1c f   libcmt:cvt.obj
 0001:00013c5a       __cftoe                    00414c5a f   libcmt:cvt.obj
 0001:00013d7d       __cftof                    00414d7d f   libcmt:cvt.obj
 0001:00013e79       __cftog                    00414e79 f   libcmt:cvt.obj
 0001:00013f0c       __cfltcvt                  00414f0c f   libcmt:cvt.obj
 0001:00013f82       __callnewh                 00414f82 f   libcmt:handler.obj
 0001:00013f9d       __GetLinkerVersion         00414f9d f   libcmt:heapinit.obj
 0001:00013fca       ___heap_select             00414fca f   libcmt:heapinit.obj
 0001:00014112       __heap_init                00415112 f   libcmt:heapinit.obj
 0001:0001416f       ___sbh_heap_init           0041516f f   libcmt:sbheap.obj
 0001:000141b7       ___sbh_find_block          004151b7 f   libcmt:sbheap.obj
 0001:000141e2       ___sbh_free_block          004151e2 f   libcmt:sbheap.obj
 0001:0001450b       ___sbh_alloc_block         0041550b f   libcmt:sbheap.obj
 0001:00014814       ___sbh_alloc_new_region    00415814 f   libcmt:sbheap.obj
 0001:000148c5       ___sbh_alloc_new_group     004158c5 f   libcmt:sbheap.obj
 0001:000149c0       ___old_sbh_new_region      004159c0 f   libcmt:sbheap.obj
 0001:00014b04       ___old_sbh_release_region  00415b04 f   libcmt:sbheap.obj
 0001:00014b5a       ___old_sbh_decommit_pages  00415b5a f   libcmt:sbheap.obj
 0001:00014c1c       ___old_sbh_find_block      00415c1c f   libcmt:sbheap.obj
 0001:00014c73       ___old_sbh_free_block      00415c73 f   libcmt:sbheap.obj
 0001:00014cb8       ___old_sbh_alloc_block     00415cb8 f   libcmt:sbheap.obj
 0001:00014ec0       ___old_sbh_alloc_block_from_page 00415ec0 f   libcmt:sbheap.obj
 0001:00014fe4       __mtinitlocks              00415fe4 f   libcmt:mlock.obj
 0001:0001500d       __lock                     0041600d f   libcmt:mlock.obj
 0001:0001506e       __unlock                   0041606e f   libcmt:mlock.obj
 0001:00015084       __global_unwind2           00416084 f   libcmt:exsup.obj
 0001:000150c6       __local_unwind2            004160c6 f   libcmt:exsup.obj
 0001:0001511e       __NLG_Return2              0041611e f   libcmt:exsup.obj
 0001:0001512e       __abnormal_termination     0041612e f   libcmt:exsup.obj
 0001:00015151       __NLG_Notify1              00416151 f   libcmt:exsup.obj
 0001:0001515a       __NLG_Notify               0041615a f   libcmt:exsup.obj
 0001:0001516d       __NLG_Dispatch             0041616d f   libcmt:exsup.obj
 0001:0001517c       __except_handler3          0041617c f   libcmt:exsup3.obj
 0001:00015239       __seh_longjmp_unwind@4     00416239 f   libcmt:exsup3.obj
 0001:00015254       __XcptFilter               00416254 f   libcmt:winxfltr.obj
 0001:000153cc       __wincmdln                 004163cc f   libcmt:wincmdln.obj
 0001:00015424       __setenvp                  00416424 f   libcmt:stdenvp.obj
 0001:000154dd       __setargv                  004164dd f   libcmt:stdargv.obj
 0001:0001572a       ___crtGetEnvironmentStringsA 0041672a f   libcmt:a_env.obj
 0001:0001585c       __mtinit                   0041685c f   libcmt:tidtable.obj
 0001:000158b0       __initptd                  004168b0 f   libcmt:tidtable.obj
 0001:000158c3       __getptd                   004168c3 f   libcmt:tidtable.obj
 0001:0001592a       __FF_MSGBANNER             0041692a f   libcmt:crt0msg.obj
 0001:00015963       __NMSG_WRITE               00416963 f   libcmt:crt0msg.obj
 0001:00015ab6       __getbuf                   00416ab6 f   libcmt:_getbuf.obj
 0001:00015afa       __isatty                   00416afa f   libcmt:isatty.obj
 0001:00015b23       _wctomb                    00416b23 f   libcmt:wctomb.obj
 0001:00015b7c       __wctomb_lk                00416b7c f   libcmt:wctomb.obj
 0001:00015bf0       __aulldiv                  00416bf0 f   libcmt:ulldiv.obj
 0001:00015c60       __aullrem                  00416c60 f   libcmt:ullrem.obj
 0001:00015cd5       _calloc                    00416cd5 f   libcmt:calloc.obj
 0001:00015e12       __fcloseall                00416e12 f   libcmt:closeall.obj
 0001:00015e93       __alloc_osfhnd             00416e93 f   libcmt:osfinfo.obj
 0001:00015fb6       __set_osfhnd               00416fb6 f   libcmt:osfinfo.obj
 0001:00016032       __free_osfhnd              00417032 f   libcmt:osfinfo.obj
 0001:000160b1       __get_osfhandle            004170b1 f   libcmt:osfinfo.obj
 0001:000160f3       __lock_fhandle             004170f3 f   libcmt:osfinfo.obj
 0001:00016152       __unlock_fhandle           00417152 f   libcmt:osfinfo.obj
 0001:00016174       __commit                   00417174 f   libcmt:commit.obj
 0001:00016207       __sopen                    00417207 f   libcmt:open.obj
 0001:000164d6       ___crtGetStringTypeA       004174d6 f   libcmt:a_str.obj
 0001:0001661f       __matherr                  0041761f f   libcmt:matherr.obj
 0001:0001661f       _LCD_L0_Init               0041761f f   libcmt:matherr.obj
 0001:0001661f       _GetValveLRStatus          0041761f f   libcmt:matherr.obj
 0001:0001661f       _LCD_GetSwapRBEx           0041761f f   libcmt:matherr.obj
 0001:0001661f       _LCD_GetDeltaModeEx        0041761f f   libcmt:matherr.obj
 0001:0001661f       _GetValveCloseStatus       0041761f f   libcmt:matherr.obj
 0001:00016622       __87except                 00417622 f   libcmt:87except.obj
 0001:000166f2       __control87                004176f2 f   libcmt:ieee87.obj
 0001:00016727       __controlfp                00417727 f   libcmt:ieee87.obj
 0001:00016858       _tolower                   00417858 f   libcmt:tolower.obj
 0001:000168c7       __tolower_lk               004178c7 f   libcmt:tolower.obj
 0001:00016992       __ZeroTail                 00417992 f   libcmt:intrncvt.obj
 0001:000169db       __IncMan                   004179db f   libcmt:intrncvt.obj
 0001:00016a31       __RoundMan                 00417a31 f   libcmt:intrncvt.obj
 0001:00016abd       __CopyMan                  00417abd f   libcmt:intrncvt.obj
 0001:00016ad8       __FillZeroMan              00417ad8 f   libcmt:intrncvt.obj
 0001:00016ae4       __IsZeroMan                00417ae4 f   libcmt:intrncvt.obj
 0001:00016aff       __ShrMan                   00417aff f   libcmt:intrncvt.obj
 0001:00016b8c       __ld12cvt                  00417b8c f   libcmt:intrncvt.obj
 0001:00016cf8       __ld12tod                  00417cf8 f   libcmt:intrncvt.obj
 0001:00016d0e       __ld12tof                  00417d0e f   libcmt:intrncvt.obj
 0001:00016d24       __atodbl                   00417d24 f   libcmt:intrncvt.obj
 0001:00016d51       __atoflt                   00417d51 f   libcmt:intrncvt.obj
 0001:00016d7e       __fptostr                  00417d7e f   libcmt:_fptostr.obj
 0001:00016df5       __fltout2                  00417df5 f   libcmt:cfout.obj
 0001:00016e51       ___dtold                   00417e51 f   libcmt:cfout.obj
 0001:00016f07       __fptrap                   00417f07 f   libcmt:crt0fp.obj
 0001:00016f10       _strtol                    00417f10 f   libcmt:strtol.obj
 0001:00017140       _strchr                    00418140 f   libcmt:strchr.obj
 0001:00017146       ___from_strstr_to_strchr   00418146 f   libcmt:strchr.obj
 0001:00017200       _strstr                    00418200 f   libcmt:strstr.obj
 0001:00017280       _strncmp                   00418280 f   libcmt:strncmp.obj
 0001:000172b8       __ismbblead                004182b8 f   libcmt:ismbbyte.obj
 0001:000172fa       __setmbcp                  004182fa f   libcmt:mbctype.obj
 0001:000176d2       ___initmbctable            004186d2 f   libcmt:mbctype.obj
 0001:000176ee       ___crtMessageBoxA          004186ee f   libcmt:crtmbox.obj
 0001:00017777       __chsize_lk                00418777 f   libcmt:chsize.obj
 0001:0001789c       ___crtLCMapStringA         0041889c f   libcmt:a_map.obj
 0001:00017aeb       ___addl                    00418aeb f   libcmt:mantold.obj
 0001:00017b0c       ___add_12                  00418b0c f   libcmt:mantold.obj
 0001:00017b6a       ___shl_12                  00418b6a f   libcmt:mantold.obj
 0001:00017b98       ___shr_12                  00418b98 f   libcmt:mantold.obj
 0001:00017bc5       ___mtold12                 00418bc5 f   libcmt:mantold.obj
 0001:00017c8c       ___strgtold12              00418c8c f   libcmt:strgtold.obj
 0001:0001815d       _$I10_OUTPUT               0041915d f   libcmt:x10fout.obj
 0001:000183f0       _toupper                   004193f0 f   libcmt:toupper.obj
 0001:0001845f       __toupper_lk               0041945f f   libcmt:toupper.obj
 0001:00018530       _strcspn                   00419530 f   libcmt:strcspn.obj
 0001:00018570       _strpbrk                   00419570 f   libcmt:strpbrk.obj
 0001:000185aa       __setmode_lk               004195aa f   libcmt:setmode.obj
 0001:0001860b       ___ld12mul                 0041960b f   libcmt:tenpow.obj
 0001:0001882b       ___multtenpow12            0041982b f   libcmt:tenpow.obj
 0001:000188b0       __stricmp                  004198b0 f   libcmt:stricmp.obj
 0001:000188b0       __strcmpi                  004198b0 f   libcmt:stricmp.obj
 0001:00018980       __strnicmp                 00419980 f   libcmt:strnicmp.obj
 0001:00018a81       _BRANDING_GetCopyright     00419a81 f   GUISim:Branding.OBJ
 0001:00018a87       _BRANDING_GetAppNameShort  00419a87 f   GUISim:Branding.OBJ
 0001:00018a8d       _BRANDING_GetAppNameLong   00419a8d f   GUISim:Branding.OBJ
 0001:00018a94       _RtlUnwind@16              00419a94 f   kernel32:KERNEL32.dll
 0002:00000000       __imp__CreateSolidBrush@4  0041a000     gdi32:GDI32.dll
 0002:00000004       __imp__SetDIBitsToDevice@48 0041a004     gdi32:GDI32.dll
 0002:00000008       __imp__SetStretchBltMode@8 0041a008     gdi32:GDI32.dll
 0002:0000000c       __imp__GetStockObject@4    0041a00c     gdi32:GDI32.dll
 0002:00000010       __imp__DeleteObject@4      0041a010     gdi32:GDI32.dll
 0002:00000014       __imp__SetTextColor@8      0041a014     gdi32:GDI32.dll
 0002:00000018       __imp__GetTextExtentPoint32A@16 0041a018     gdi32:GDI32.dll
 0002:0000001c       __imp__SelectObject@8      0041a01c     gdi32:GDI32.dll
 0002:00000020       __imp__DeleteDC@4          0041a020     gdi32:GDI32.dll
 0002:00000024       __imp__BitBlt@36           0041a024     gdi32:GDI32.dll
 0002:00000028       __imp__CreateCompatibleDC@4 0041a028     gdi32:GDI32.dll
 0002:0000002c       __imp__CombineRgn@16       0041a02c     gdi32:GDI32.dll
 0002:00000030       __imp__CreateRectRgn@16    0041a030     gdi32:GDI32.dll
 0002:00000034       __imp__GetObjectA@12       0041a034     gdi32:GDI32.dll
 0002:00000038       __imp__GetDIBits@28        0041a038     gdi32:GDI32.dll
 0002:0000003c       __imp__Rectangle@20        0041a03c     gdi32:GDI32.dll
 0002:00000040       __imp__StretchDIBits@52    0041a040     gdi32:GDI32.dll
 0002:00000044       \177GDI32_NULL_THUNK_DATA  0041a044     gdi32:GDI32.dll
 0002:00000048       __imp__GlobalUnlock@4      0041a048     kernel32:KERNEL32.dll
 0002:0000004c       __imp__GlobalLock@4        0041a04c     kernel32:KERNEL32.dll
 0002:00000050       __imp__GlobalAlloc@8       0041a050     kernel32:KERNEL32.dll
 0002:00000054       __imp__SuspendThread@4     0041a054     kernel32:KERNEL32.dll
 0002:00000058       __imp__HeapAlloc@12        0041a058     kernel32:KERNEL32.dll
 0002:0000005c       __imp__HeapFree@12         0041a05c     kernel32:KERNEL32.dll
 0002:00000060       __imp__ExitProcess@4       0041a060     kernel32:KERNEL32.dll
 0002:00000064       __imp__TerminateProcess@8  0041a064     kernel32:KERNEL32.dll
 0002:00000068       __imp__GetCurrentProcess@0 0041a068     kernel32:KERNEL32.dll
 0002:0000006c       __imp__GetModuleHandleA@4  0041a06c     kernel32:KERNEL32.dll
 0002:00000070       __imp__GetStartupInfoA@4   0041a070     kernel32:KERNEL32.dll
 0002:00000074       __imp__GetCommandLineA@0   0041a074     kernel32:KERNEL32.dll
 0002:00000078       __imp__GetVersion@0        0041a078     kernel32:KERNEL32.dll
 0002:0000007c       __imp__EnterCriticalSection@4 0041a07c     kernel32:KERNEL32.dll
 0002:00000080       __imp__LeaveCriticalSection@4 0041a080     kernel32:KERNEL32.dll
 0002:00000084       __imp__GetLastError@0      0041a084     kernel32:KERNEL32.dll
 0002:00000088       __imp__InitializeCriticalSection@4 0041a088     kernel32:KERNEL32.dll
 0002:0000008c       __imp__ReadFile@20         0041a08c     kernel32:KERNEL32.dll
 0002:00000090       __imp__SetHandleCount@4    0041a090     kernel32:KERNEL32.dll
 0002:00000094       __imp__GetStdHandle@4      0041a094     kernel32:KERNEL32.dll
 0002:00000098       __imp__GetFileType@4       0041a098     kernel32:KERNEL32.dll
 0002:0000009c       __imp__DeleteCriticalSection@4 0041a09c     kernel32:KERNEL32.dll
 0002:000000a0       __imp__SetFilePointer@16   0041a0a0     kernel32:KERNEL32.dll
 0002:000000a4       __imp__RaiseException@16   0041a0a4     kernel32:KERNEL32.dll
 0002:000000a8       __imp__GetProcAddress@8    0041a0a8     kernel32:KERNEL32.dll
 0002:000000ac       __imp__GetModuleFileNameA@12 0041a0ac     kernel32:KERNEL32.dll
 0002:000000b0       __imp__GetEnvironmentVariableA@12 0041a0b0     kernel32:KERNEL32.dll
 0002:000000b4       __imp__GetVersionExA@4     0041a0b4     kernel32:KERNEL32.dll
 0002:000000b8       __imp__HeapDestroy@4       0041a0b8     kernel32:KERNEL32.dll
 0002:000000bc       __imp__HeapCreate@12       0041a0bc     kernel32:KERNEL32.dll
 0002:000000c0       __imp__VirtualFree@12      0041a0c0     kernel32:KERNEL32.dll
 0002:000000c4       __imp__VirtualAlloc@16     0041a0c4     kernel32:KERNEL32.dll
 0002:000000c8       __imp__HeapReAlloc@16      0041a0c8     kernel32:KERNEL32.dll
 0002:000000cc       __imp__RtlUnwind@16        0041a0cc     kernel32:KERNEL32.dll
 0002:000000d0       __imp__TerminateThread@8   0041a0d0     kernel32:KERNEL32.dll
 0002:000000d4       __imp__FreeEnvironmentStringsA@4 0041a0d4     kernel32:KERNEL32.dll
 0002:000000d8       __imp__FreeEnvironmentStringsW@4 0041a0d8     kernel32:KERNEL32.dll
 0002:000000dc       __imp__WideCharToMultiByte@32 0041a0dc     kernel32:KERNEL32.dll
 0002:000000e0       __imp__GetEnvironmentStrings@0 0041a0e0     kernel32:KERNEL32.dll
 0002:000000e4       __imp__GetEnvironmentStringsW@0 0041a0e4     kernel32:KERNEL32.dll
 0002:000000e8       __imp__TlsSetValue@8       0041a0e8     kernel32:KERNEL32.dll
 0002:000000ec       __imp__TlsAlloc@0          0041a0ec     kernel32:KERNEL32.dll
 0002:000000f0       __imp__SetLastError@4      0041a0f0     kernel32:KERNEL32.dll
 0002:000000f4       __imp__TlsGetValue@4       0041a0f4     kernel32:KERNEL32.dll
 0002:000000f8       __imp__InterlockedDecrement@4 0041a0f8     kernel32:KERNEL32.dll
 0002:000000fc       __imp__InterlockedIncrement@4 0041a0fc     kernel32:KERNEL32.dll
 0002:00000100       __imp__SetStdHandle@8      0041a100     kernel32:KERNEL32.dll
 0002:00000104       __imp__FlushFileBuffers@4  0041a104     kernel32:KERNEL32.dll
 0002:00000108       __imp__MultiByteToWideChar@24 0041a108     kernel32:KERNEL32.dll
 0002:0000010c       __imp__GetStringTypeA@20   0041a10c     kernel32:KERNEL32.dll
 0002:00000110       __imp__GetStringTypeW@16   0041a110     kernel32:KERNEL32.dll
 0002:00000114       __imp__GetCPInfo@8         0041a114     kernel32:KERNEL32.dll
 0002:00000118       __imp__GetACP@0            0041a118     kernel32:KERNEL32.dll
 0002:0000011c       __imp__GetOEMCP@0          0041a11c     kernel32:KERNEL32.dll
 0002:00000120       __imp__LoadLibraryA@4      0041a120     kernel32:KERNEL32.dll
 0002:00000124       __imp__SetEndOfFile@4      0041a124     kernel32:KERNEL32.dll
 0002:00000128       __imp__LCMapStringA@24     0041a128     kernel32:KERNEL32.dll
 0002:0000012c       __imp__LCMapStringW@24     0041a12c     kernel32:KERNEL32.dll
 0002:00000130       __imp__CreateThread@24     0041a130     kernel32:KERNEL32.dll
 0002:00000134       __imp__ResumeThread@4      0041a134     kernel32:KERNEL32.dll
 0002:00000138       __imp__OutputDebugStringA@4 0041a138     kernel32:KERNEL32.dll
 0002:0000013c       __imp__SetThreadPriority@8 0041a13c     kernel32:KERNEL32.dll
 0002:00000140       __imp__ExitThread@4        0041a140     kernel32:KERNEL32.dll
 0002:00000144       __imp__WriteFile@20        0041a144     kernel32:KERNEL32.dll
 0002:00000148       __imp__CreateFileA@28      0041a148     kernel32:KERNEL32.dll
 0002:0000014c       __imp__CloseHandle@4       0041a14c     kernel32:KERNEL32.dll
 0002:00000150       __imp__CreateFileMappingA@24 0041a150     kernel32:KERNEL32.dll
 0002:00000154       __imp__MapViewOfFile@20    0041a154     kernel32:KERNEL32.dll
 0002:00000158       __imp__ReleaseMutex@4      0041a158     kernel32:KERNEL32.dll
 0002:0000015c       __imp__WaitForSingleObject@8 0041a15c     kernel32:KERNEL32.dll
 0002:00000160       __imp__GetCurrentThreadId@0 0041a160     kernel32:KERNEL32.dll
 0002:00000164       __imp__CreateMutexA@12     0041a164     kernel32:KERNEL32.dll
 0002:00000168       __imp__Sleep@4             0041a168     kernel32:KERNEL32.dll
 0002:0000016c       __imp__UnhandledExceptionFilter@4 0041a16c     kernel32:KERNEL32.dll
 0002:00000170       \177KERNEL32_NULL_THUNK_DATA 0041a170     kernel32:KERNEL32.dll
 0002:00000174       __imp__GetSubMenu@8        0041a174     user32:USER32.dll
 0002:00000178       __imp__LoadMenuA@8         0041a178     user32:USER32.dll
 0002:0000017c       __imp__LoadImageA@24       0041a17c     user32:USER32.dll
 0002:00000180       __imp__RegisterClassExA@4  0041a180     user32:USER32.dll
 0002:00000184       __imp__LoadCursorA@8       0041a184     user32:USER32.dll
 0002:00000188       __imp__DefWindowProcA@16   0041a188     user32:USER32.dll
 0002:0000018c       __imp__DrawTextA@20        0041a18c     user32:USER32.dll
 0002:00000190       __imp__GetClientRect@8     0041a190     user32:USER32.dll
 0002:00000194       __imp__LoadIconA@8         0041a194     user32:USER32.dll
 0002:00000198       __imp__SetTimer@16         0041a198     user32:USER32.dll
 0002:0000019c       __imp__PostQuitMessage@4   0041a19c     user32:USER32.dll
 0002:000001a0       __imp__TrackPopupMenu@28   0041a1a0     user32:USER32.dll
 0002:000001a4       __imp__GetParent@4         0041a1a4     user32:USER32.dll
 0002:000001a8       __imp__ClientToScreen@8    0041a1a8     user32:USER32.dll
 0002:000001ac       __imp__SetWindowLongA@12   0041a1ac     user32:USER32.dll
 0002:000001b0       __imp__wsprintfA           0041a1b0     user32:USER32.dll
 0002:000001b4       __imp__GetSystemMetrics@4  0041a1b4     user32:USER32.dll
 0002:000001b8       __imp__SetCapture@4        0041a1b8     user32:USER32.dll
 0002:000001bc       __imp__ReleaseCapture@0    0041a1bc     user32:USER32.dll
 0002:000001c0       __imp__MoveWindow@24       0041a1c0     user32:USER32.dll
 0002:000001c4       __imp__GetWindowRect@8     0041a1c4     user32:USER32.dll
 0002:000001c8       __imp__SetWindowRgn@12     0041a1c8     user32:USER32.dll
 0002:000001cc       __imp__GetWindowDC@4       0041a1cc     user32:USER32.dll
 0002:000001d0       __imp__DialogBoxParamA@20  0041a1d0     user32:USER32.dll
 0002:000001d4       __imp__CloseClipboard@0    0041a1d4     user32:USER32.dll
 0002:000001d8       __imp__SetClipboardData@8  0041a1d8     user32:USER32.dll
 0002:000001dc       __imp__EmptyClipboard@0    0041a1dc     user32:USER32.dll
 0002:000001e0       __imp__OpenClipboard@4     0041a1e0     user32:USER32.dll
 0002:000001e4       __imp__SetDlgItemTextA@12  0041a1e4     user32:USER32.dll
 0002:000001e8       __imp__SetWindowTextA@8    0041a1e8     user32:USER32.dll
 0002:000001ec       __imp__EndDialog@8         0041a1ec     user32:USER32.dll
 0002:000001f0       __imp__KillTimer@8         0041a1f0     user32:USER32.dll
 0002:000001f4       __imp__EnableMenuItem@12   0041a1f4     user32:USER32.dll
 0002:000001f8       __imp__LoadBitmapA@8       0041a1f8     user32:USER32.dll
 0002:000001fc       __imp__SendMessageA@16     0041a1fc     user32:USER32.dll
 0002:00000200       __imp__CopyAcceleratorTableA@12 0041a200     user32:USER32.dll
 0002:00000204       __imp__CreateWindowExA@48  0041a204     user32:USER32.dll
 0002:00000208       __imp__ShowWindow@8        0041a208     user32:USER32.dll
 0002:0000020c       __imp__LoadAcceleratorsA@8 0041a20c     user32:USER32.dll
 0002:00000210       __imp__GetMessageA@16      0041a210     user32:USER32.dll
 0002:00000214       __imp__TranslateMessage@4  0041a214     user32:USER32.dll
 0002:00000218       __imp__DispatchMessageA@4  0041a218     user32:USER32.dll
 0002:0000021c       __imp__DestroyWindow@4     0041a21c     user32:USER32.dll
 0002:00000220       __imp__MessageBoxA@16      0041a220     user32:USER32.dll
 0002:00000224       __imp__InvalidateRect@12   0041a224     user32:USER32.dll
 0002:00000228       __imp__GetKeyboardState@4  0041a228     user32:USER32.dll
 0002:0000022c       __imp__MapVirtualKeyA@8    0041a22c     user32:USER32.dll
 0002:00000230       __imp__ToAscii@20          0041a230     user32:USER32.dll
 0002:00000234       __imp__GetWindowLongA@8    0041a234     user32:USER32.dll
 0002:00000238       __imp__BeginPaint@8        0041a238     user32:USER32.dll
 0002:0000023c       __imp__FillRect@12         0041a23c     user32:USER32.dll
 0002:00000240       __imp__EndPaint@8          0041a240     user32:USER32.dll
 0002:00000244       \177USER32_NULL_THUNK_DATA 0041a244     user32:USER32.dll
 0002:00000248       __imp__timeGetTime@0       0041a248     winmm:WINMM.dll
 0002:0000024c       \177WINMM_NULL_THUNK_DATA  0041a24c     winmm:WINMM.dll
 0002:00000340       _bmgs_right                0041a340     groupstate.obj
 0002:00000430       _bmgs_left                 0041a430     groupstate.obj
 0002:000004f8       _bmgs_valve_open_b         0041a4f8     groupstate.obj
 0002:000005c0       _bmgs_valve_open_ab        0041a5c0     groupstate.obj
 0002:00000688       _bmgs_valve_open_a         0041a688     groupstate.obj
 0002:00000750       _bmgs_valve_close          0041a750     groupstate.obj
 0002:00002dc8       _bmvalve_set               0041cdc8     setValve.obj
 0002:00004050       _bmvv_title                0041e050     valveView.obj
 0002:00004c18       _bmvv_contral_disable      0041ec18     valveView.obj
 0002:000057e0       _bmvv_contral_enable       0041f7e0     valveView.obj
 0002:00005878       _bmvv_view_L               0041f878     valveView.obj
 0002:00005910       _bmvv_view_R               0041f910     valveView.obj
 0002:000059e8       _bmvv_view_open_disable    0041f9e8     valveView.obj
 0002:00005ac0       _bmvv_view_open_enable     0041fac0     valveView.obj
 0002:00005b98       _bmvv_view_close_disable   0041fb98     valveView.obj
 0002:00005c70       _bmvv_view_close_enable    0041fc70     valveView.obj
 0002:00005dd8       _s_v_rect                  0041fdd8     valveView.obj
 0002:00005de0       _s_c_rect                  0041fde0     valveView.obj
 0002:00005e70       _LCD_API_ColorConv_8666    0041fe70     LCDP8666.obj
 0002:00005e80       _LCD_API_ColorConv_2       0041fe80     LCDP2.obj
 0002:00005e90       _LCD_API_ColorConv_4       0041fe90     LCDP4.obj
 0002:00005ec0       _aTan                      0041fec0     GUI2DLib.obj
 0002:00005ee4       _GUI_Pow10                 0041fee4     GUI_AddDecShift.obj
 0002:00005f20       _GUI_BitmapArrowL          0041ff20     GUI_CursorArrowL.obj
 0002:00005f38       _GUI_CursorArrowL          0041ff38     GUI_CursorArrowL.obj
 0002:00005f48       _GUI_BitmapArrowLI         0041ff48     GUI_CursorArrowLI.obj
 0002:00005f60       _GUI_CursorArrowLI         0041ff60     GUI_CursorArrowLI.obj
 0002:00005f6c       _GUI_Pixels_ArrowL         0041ff6c     GUI_CursorArrowLPx.obj
 0002:00006008       _GUI_BitmapArrowM          00420008     GUI_CursorArrowM.obj
 0002:00006020       _GUI_CursorArrowM          00420020     GUI_CursorArrowM.obj
 0002:00006030       _GUI_BitmapArrowMI         00420030     GUI_CursorArrowMI.obj
 0002:00006048       _GUI_CursorArrowMI         00420048     GUI_CursorArrowMI.obj
 0002:00006054       _GUI_Pixels_ArrowM         00420054     GUI_CursorArrowMPx.obj
 0002:00006090       _GUI_BitmapArrowS          00420090     GUI_CursorArrowS.obj
 0002:000060a8       _GUI_CursorArrowS          004200a8     GUI_CursorArrowS.obj
 0002:000060b8       _GUI_BitmapArrowSI         004200b8     GUI_CursorArrowSI.obj
 0002:000060d0       _GUI_CursorArrowSI         004200d0     GUI_CursorArrowSI.obj
 0002:000060dc       _GUI_Pixels_ArrowS         004200dc     GUI_CursorArrowSPx.obj
 0002:00006110       _GUI_BitmapCrossL          00420110     GUI_CursorCrossL.obj
 0002:00006128       _GUI_CursorCrossL          00420128     GUI_CursorCrossL.obj
 0002:00006138       _GUI_BitmapCrossLI         00420138     GUI_CursorCrossLI.obj
 0002:00006150       _GUI_CursorCrossLI         00420150     GUI_CursorCrossLI.obj
 0002:0000615c       _GUI_Pixels_CrossL         0042015c     GUI_CursorCrossLPx.obj
 0002:00006258       _GUI_BitmapCrossM          00420258     GUI_CursorCrossM.obj
 0002:00006270       _GUI_CursorCrossM          00420270     GUI_CursorCrossM.obj
 0002:00006280       _GUI_BitmapCrossMI         00420280     GUI_CursorCrossMI.obj
 0002:00006298       _GUI_CursorCrossMI         00420298     GUI_CursorCrossMI.obj
 0002:000062a4       _GUI_Pixels_CrossM         004202a4     GUI_CursorCrossMPx.obj
 0002:00006328       _GUI_BitmapCrossS          00420328     GUI_CursorCrossS.obj
 0002:00006340       _GUI_CursorCrossS          00420340     GUI_CursorCrossS.obj
 0002:00006350       _GUI_BitmapCrossSI         00420350     GUI_CursorCrossSI.obj
 0002:00006368       _GUI_CursorCrossSI         00420368     GUI_CursorCrossSI.obj
 0002:00006374       _GUI_Pixels_CrossS         00420374     GUI_CursorCrossSPx.obj
 0002:000063b0       _GUI_CursorHeaderM         004203b0     GUI_CursorHeaderM.obj
 0002:000063d8       _GUI_CursorHeaderMI        004203d8     GUI_CursorHeaderMI.obj
 0002:000063e4       _GUI_PixelsHeaderM         004203e4     GUI_CursorHeaderMPx.obj
 0002:00006450       _GUI_CursorPal             00420450     GUI_CursorPal.obj
 0002:00006470       _GUI_CursorPalI            00420470     GUI_CursorPalI.obj
 0002:00006488       _GUI_SIF_APIList_Prop      00420488     GUI_SIF_Prop.obj
 0002:00006498       _GUI__API_TableNone        00420498     GUI_UC_EncodeNone.obj
 0002:000064c0       _GUI_ENC_APIList_SJIS      004204c0     GUIEncJS.obj
 0002:000064d0       _LCD_L0_APIList            004204d0     LCD_API.obj
 0002:00006510       _GUI_BitmapMethods565      00420510     LCD_DrawBitmap_565.obj
 0002:00006518       _GUI_BitmapMethodsM565     00420518     LCD_DrawBitmap_M565.obj
 0002:00006520       _LCD_aMirror               00420520     LCD_Mirror.obj
 0002:00006620       _LCD_API_ColorConv_1       00420620     LCDP1.obj
 0002:00006630       _GUI_BitmapMethodsRLE4     00420630     LCDRLE4.obj
 0002:00006638       _GUI_BitmapMethodsRLE8     00420638     LCDRLE8.obj
 0002:00006640       _acFont8_1_160             00420640     F08_1.obj
 0002:00006648       _acFont8_1_161             00420648     F08_1.obj
 0002:00006650       _acFont8_1_162             00420650     F08_1.obj
 0002:00006658       _acFont8_1_163             00420658     F08_1.obj
 0002:00006660       _acFont8_1_164             00420660     F08_1.obj
 0002:00006668       _acFont8_1_165             00420668     F08_1.obj
 0002:00006670       _acFont8_1_166             00420670     F08_1.obj
 0002:00006678       _acFont8_1_167             00420678     F08_1.obj
 0002:00006680       _acFont8_1_168             00420680     F08_1.obj
 0002:00006688       _acFont8_1_169             00420688     F08_1.obj
 0002:00006690       _acFont8_1_170             00420690     F08_1.obj
 0002:00006698       _acFont8_1_171             00420698     F08_1.obj
 0002:000066a0       _acFont8_1_172             004206a0     F08_1.obj
 0002:000066a8       _acFont8_1_173             004206a8     F08_1.obj
 0002:000066b0       _acFont8_1_174             004206b0     F08_1.obj
 0002:000066b8       _acFont8_1_175             004206b8     F08_1.obj
 0002:000066c0       _acFont8_1_176             004206c0     F08_1.obj
 0002:000066c8       _acFont8_1_177             004206c8     F08_1.obj
 0002:000066d0       _acFont8_1_178             004206d0     F08_1.obj
 0002:000066d8       _acFont8_1_179             004206d8     F08_1.obj
 0002:000066e0       _acFont8_1_180             004206e0     F08_1.obj
 0002:000066e8       _acFont8_1_181             004206e8     F08_1.obj
 0002:000066f0       _acFont8_1_182             004206f0     F08_1.obj
 0002:000066f8       _acFont8_1_183             004206f8     F08_1.obj
 0002:00006700       _acFont8_1_184             00420700     F08_1.obj
 0002:00006708       _acFont8_1_185             00420708     F08_1.obj
 0002:00006710       _acFont8_1_186             00420710     F08_1.obj
 0002:00006718       _acFont8_1_187             00420718     F08_1.obj
 0002:00006720       _acFont8_1_188             00420720     F08_1.obj
 0002:00006728       _acFont8_1_189             00420728     F08_1.obj
 0002:00006730       _acFont8_1_190             00420730     F08_1.obj
 0002:00006738       _acFont8_1_191             00420738     F08_1.obj
 0002:00006740       _acFont8_1_192             00420740     F08_1.obj
 0002:00006748       _acFont8_1_193             00420748     F08_1.obj
 0002:00006750       _acFont8_1_194             00420750     F08_1.obj
 0002:00006758       _acFont8_1_195             00420758     F08_1.obj
 0002:00006760       _acFont8_1_196             00420760     F08_1.obj
 0002:00006768       _acFont8_1_197             00420768     F08_1.obj
 0002:00006770       _acFont8_1_198             00420770     F08_1.obj
 0002:00006778       _acFont8_1_199             00420778     F08_1.obj
 0002:00006780       _acFont8_1_200             00420780     F08_1.obj
 0002:00006788       _acFont8_1_201             00420788     F08_1.obj
 0002:00006790       _acFont8_1_202             00420790     F08_1.obj
 0002:00006798       _acFont8_1_203             00420798     F08_1.obj
 0002:000067a0       _acFont8_1_204             004207a0     F08_1.obj
 0002:000067a8       _acFont8_1_205             004207a8     F08_1.obj
 0002:000067b0       _acFont8_1_206             004207b0     F08_1.obj
 0002:000067b8       _acFont8_1_207             004207b8     F08_1.obj
 0002:000067c0       _acFont8_1_208             004207c0     F08_1.obj
 0002:000067c8       _acFont8_1_209             004207c8     F08_1.obj
 0002:000067d0       _acFont8_1_210             004207d0     F08_1.obj
 0002:000067d8       _acFont8_1_211             004207d8     F08_1.obj
 0002:000067e0       _acFont8_1_212             004207e0     F08_1.obj
 0002:000067e8       _acFont8_1_213             004207e8     F08_1.obj
 0002:000067f0       _acFont8_1_214             004207f0     F08_1.obj
 0002:000067f8       _acFont8_1_215             004207f8     F08_1.obj
 0002:00006800       _acFont8_1_216             00420800     F08_1.obj
 0002:00006808       _acFont8_1_217             00420808     F08_1.obj
 0002:00006810       _acFont8_1_218             00420810     F08_1.obj
 0002:00006818       _acFont8_1_219             00420818     F08_1.obj
 0002:00006820       _acFont8_1_220             00420820     F08_1.obj
 0002:00006828       _acFont8_1_221             00420828     F08_1.obj
 0002:00006830       _acFont8_1_222             00420830     F08_1.obj
 0002:00006838       _acFont8_1_223             00420838     F08_1.obj
 0002:00006840       _acFont8_1_224             00420840     F08_1.obj
 0002:00006848       _acFont8_1_225             00420848     F08_1.obj
 0002:00006850       _acFont8_1_226             00420850     F08_1.obj
 0002:00006858       _acFont8_1_227             00420858     F08_1.obj
 0002:00006860       _acFont8_1_228             00420860     F08_1.obj
 0002:00006868       _acFont8_1_229             00420868     F08_1.obj
 0002:00006870       _acFont8_1_230             00420870     F08_1.obj
 0002:00006880       _acFont8_1_231             00420880     F08_1.obj
 0002:00006888       _acFont8_1_232             00420888     F08_1.obj
 0002:00006890       _acFont8_1_233             00420890     F08_1.obj
 0002:00006898       _acFont8_1_234             00420898     F08_1.obj
 0002:000068a0       _acFont8_1_235             004208a0     F08_1.obj
 0002:000068a8       _acFont8_1_236             004208a8     F08_1.obj
 0002:000068b0       _acFont8_1_237             004208b0     F08_1.obj
 0002:000068b8       _acFont8_1_238             004208b8     F08_1.obj
 0002:000068c0       _acFont8_1_239             004208c0     F08_1.obj
 0002:000068c8       _acFont8_1_240             004208c8     F08_1.obj
 0002:000068d0       _acFont8_1_241             004208d0     F08_1.obj
 0002:000068d8       _acFont8_1_242             004208d8     F08_1.obj
 0002:000068e0       _acFont8_1_243             004208e0     F08_1.obj
 0002:000068e8       _acFont8_1_244             004208e8     F08_1.obj
 0002:000068f0       _acFont8_1_245             004208f0     F08_1.obj
 0002:000068f8       _acFont8_1_246             004208f8     F08_1.obj
 0002:00006900       _acFont8_1_247             00420900     F08_1.obj
 0002:00006908       _acFont8_1_248             00420908     F08_1.obj
 0002:00006910       _acFont8_1_249             00420910     F08_1.obj
 0002:00006918       _acFont8_1_250             00420918     F08_1.obj
 0002:00006920       _acFont8_1_251             00420920     F08_1.obj
 0002:00006928       _acFont8_1_252             00420928     F08_1.obj
 0002:00006930       _acFont8_1_253             00420930     F08_1.obj
 0002:00006938       _acFont8_1_254             00420938     F08_1.obj
 0002:00006940       _acFont8_1_255             00420940     F08_1.obj
 0002:00006948       _Font8_1_CharInfo          00420948     F08_1.obj
 0002:00006c48       _GUI_Font8_1_Prop          00420c48     F08_1.obj
 0002:00006c58       _GUI_Font8_1               00420c58     F08_1.obj
 0002:00006c78       _acFont8ASCII              00420c78     F08_ASCII.obj
 0002:00006f70       _GUI_Font8_ASCII_CharInfo  00420f70     F08_ASCII.obj
 0002:00007268       _GUI_Font8ASCII_Prop       00421268     F08_ASCII.obj
 0002:00007278       _GUI_Font8_ASCII           00421278     F08_ASCII.obj
 0002:00007298       _acFont10_1_160            00421298     F10_1.obj
 0002:000072a4       _acFont10_1_161            004212a4     F10_1.obj
 0002:000072b0       _acFont10_1_162            004212b0     F10_1.obj
 0002:000072bc       _acFont10_1_163            004212bc     F10_1.obj
 0002:000072c8       _acFont10_1_164            004212c8     F10_1.obj
 0002:000072d4       _acFont10_1_165            004212d4     F10_1.obj
 0002:000072e0       _acFont10_1_166            004212e0     F10_1.obj
 0002:000072ec       _acFont10_1_167            004212ec     F10_1.obj
 0002:000072f8       _acFont10_1_168            004212f8     F10_1.obj
 0002:00007304       _acFont10_1_169            00421304     F10_1.obj
 0002:00007310       _acFont10_1_170            00421310     F10_1.obj
 0002:0000731c       _acFont10_1_171            0042131c     F10_1.obj
 0002:00007328       _acFont10_1_172            00421328     F10_1.obj
 0002:00007334       _acFont10_1_173            00421334     F10_1.obj
 0002:00007340       _acFont10_1_174            00421340     F10_1.obj
 0002:0000734c       _acFont10_1_175            0042134c     F10_1.obj
 0002:00007358       _acFont10_1_176            00421358     F10_1.obj
 0002:00007364       _acFont10_1_177            00421364     F10_1.obj
 0002:00007370       _acFont10_1_178            00421370     F10_1.obj
 0002:0000737c       _acFont10_1_179            0042137c     F10_1.obj
 0002:00007388       _acFont10_1_180            00421388     F10_1.obj
 0002:00007394       _acFont10_1_181            00421394     F10_1.obj
 0002:000073a0       _acFont10_1_182            004213a0     F10_1.obj
 0002:000073ac       _acFont10_1_183            004213ac     F10_1.obj
 0002:000073b8       _acFont10_1_184            004213b8     F10_1.obj
 0002:000073c4       _acFont10_1_185            004213c4     F10_1.obj
 0002:000073d0       _acFont10_1_186            004213d0     F10_1.obj
 0002:000073dc       _acFont10_1_187            004213dc     F10_1.obj
 0002:000073e8       _acFont10_1_188            004213e8     F10_1.obj
 0002:000073fc       _acFont10_1_189            004213fc     F10_1.obj
 0002:00007410       _acFont10_1_190            00421410     F10_1.obj
 0002:00007424       _acFont10_1_191            00421424     F10_1.obj
 0002:00007430       _acFont10_1_192            00421430     F10_1.obj
 0002:0000743c       _acFont10_1_193            0042143c     F10_1.obj
 0002:00007448       _acFont10_1_194            00421448     F10_1.obj
 0002:00007454       _acFont10_1_195            00421454     F10_1.obj
 0002:00007460       _acFont10_1_196            00421460     F10_1.obj
 0002:0000746c       _acFont10_1_197            0042146c     F10_1.obj
 0002:00007478       _acFont10_1_198            00421478     F10_1.obj
 0002:0000748c       _acFont10_1_199            0042148c     F10_1.obj
 0002:00007498       _acFont10_1_200            00421498     F10_1.obj
 0002:000074a4       _acFont10_1_201            004214a4     F10_1.obj
 0002:000074b0       _acFont10_1_202            004214b0     F10_1.obj
 0002:000074bc       _acFont10_1_203            004214bc     F10_1.obj
 0002:000074c8       _acFont10_1_204            004214c8     F10_1.obj
 0002:000074d4       _acFont10_1_205            004214d4     F10_1.obj
 0002:000074e0       _acFont10_1_206            004214e0     F10_1.obj
 0002:000074ec       _acFont10_1_207            004214ec     F10_1.obj
 0002:000074f8       _acFont10_1_208            004214f8     F10_1.obj
 0002:00007504       _acFont10_1_209            00421504     F10_1.obj
 0002:00007510       _acFont10_1_210            00421510     F10_1.obj
 0002:0000751c       _acFont10_1_211            0042151c     F10_1.obj
 0002:00007528       _acFont10_1_212            00421528     F10_1.obj
 0002:00007534       _acFont10_1_213            00421534     F10_1.obj
 0002:00007540       _acFont10_1_214            00421540     F10_1.obj
 0002:0000754c       _acFont10_1_215            0042154c     F10_1.obj
 0002:00007558       _acFont10_1_216            00421558     F10_1.obj
 0002:00007564       _acFont10_1_217            00421564     F10_1.obj
 0002:00007570       _acFont10_1_218            00421570     F10_1.obj
[...]
 0001:0000a6c2       __GetDefaultWin            0040b6c2 f   WM_GetWindowSize.obj
 0001:0000a4eb       __BringToTop               0040b4eb f   WM_BringToTop.obj
 0001:0000a538       __InvalidateWindowAndDescs 0040b538 f   WM_BringToTop.obj
 0001:0000a555       __cbInvalidateOne          0040b555 f   WM_BringToTop.obj
 0001:00008f74       __DesktopHandle2Index      00409f74 f   WM.obj
 0001:00008fd7       __SetClipRectUserIntersect 00409fd7 f   WM.obj
 0001:0000902b       __GethDrawWin              0040a02b f   WM.obj
 0001:0000935b       __Invalidate1Abs           0040a35b f   WM.obj
 0001:0000958c       __AddToLinList             0040a58c f   WM.obj
 0001:000096ca       __CheckCriticalHandles     0040a6ca f   WM.obj
 0001:000096ed       _ResetNextDrawWin          0040a6ed f   WM.obj
 0001:000096f6       __DeleteAllChildren        0040a6f6 f   WM.obj
 0001:000097ec       __FindNext_IVR             0040a7ec f   WM.obj
 0001:000099a3       __Findy1                   0040a9a3 f   WM.obj
 0001:00009a64       __Findx0                   0040aa64 f   WM.obj
 0001:00009b17       __Findx1                   0040ab17 f   WM.obj
 0001:00009cd0       _WM__GetInvalidRectAbs     0040acd0 f   WM.obj
 0001:00009d30       __Paint1                   0040ad30 f   WM.obj
 0001:00009dbf       __PaintTransChildren       0040adbf f   WM.obj
 0001:00009e38       __Paint1Trans              0040ae38 f   WM.obj
 0001:00009ec1       __PaintTransTopSiblings    0040aec1 f   WM.obj
 0001:00009f64       __DrawNext                 0040af64 f   WM.obj
 0001:00009fdf       __Paint                    0040afdf f   WM.obj
 0001:0000a090       __cbPaintMemDev            0040b090 f   WM.obj
 0001:0000a1ee       _cbBackWin                 0040b1ee f   WM.obj
 0001:00008d50       __WIDGET_EFFECT_Simple_DrawUpRect 00409d50 f   WIDGET_Effect_Simple.obj
 0001:00008d8f       __WIDGET_EFFECT_Simple_DrawUp 00409d8f f   WIDGET_Effect_Simple.obj
 0001:00008daa       __WIDGET_EFFECT_Simple_DrawDownRect 00409daa f   WIDGET_Effect_Simple.obj
 0001:00008de9       __WIDGET_EFFECT_Simple_DrawDown 00409de9 f   WIDGET_Effect_Simple.obj
 0001:00008e04       __WIDGET_EFFECT_Simple_GetRect 00409e04 f   WIDGET_Effect_Simple.obj
 0001:00005d1c       __WIDGET_EFFECT_None_DrawDown 00406d1c f   LCD_Rotate180.obj
 0001:00005d1c       __WIDGET_EFFECT_None_DrawUp 00406d1c f   LCD_Rotate180.obj
 0001:00005d1c       __WIDGET_EFFECT_None_DrawDownRect 00406d1c f   LCD_Rotate180.obj
 0001:00005d1c       __WIDGET_EFFECT_None_DrawUpRect 00406d1c f   LCD_Rotate180.obj
 0001:00008d45       __WIDGET_EFFECT_None_GetRect 00409d45 f   WIDGET_Effect_None.obj
 0001:00008b4a       __WIDGET_EFFECT_3D2L_DrawUpRect 00409b4a f   WIDGET_Effect_3D2L.obj
 0001:00008c20       __WIDGET_EFFECT_3D2L_DrawUp 00409c20 f   WIDGET_Effect_3D2L.obj
 0001:00008c3b       __WIDGET_EFFECT_3D2L_DrawDownRect 00409c3b f   WIDGET_Effect_3D2L.obj
 0001:00008d11       __WIDGET_EFFECT_3D2L_DrawDown 00409d11 f   WIDGET_Effect_3D2L.obj
 0001:00008d2c       __WIDGET_EFFECT_3D2L_GetRect 00409d2c f   WIDGET_Effect_3D2L.obj
 0001:00008a2a       __WIDGET_EFFECT_3D1L_DrawUpRect 00409a2a f   WIDGET_Effect_3D1L.obj
 0001:00008a9f       __WIDGET_EFFECT_3D1L_DrawUp 00409a9f f   WIDGET_Effect_3D1L.obj
 0001:00008aba       __WIDGET_EFFECT_3D1L_DrawDownRect 00409aba f   WIDGET_Effect_3D1L.obj
 0001:00008b2f       __WIDGET_EFFECT_3D1L_DrawDown 00409b2f f   WIDGET_Effect_3D1L.obj
 0001:00008e04       __WIDGET_EFFECT_3D1L_GetRect 00409e04 f   WIDGET_Effect_Simple.obj
 0001:00008891       __WIDGET_EFFECT_3D_DrawUpRect 00409891 f   WIDGET_Effect_3D.obj
 0001:00008921       __WIDGET_EFFECT_3D_DrawDownRect 00409921 f   WIDGET_Effect_3D.obj
 0001:000089f4       __WIDGET_EFFECT_3D_DrawDown 004099f4 f   WIDGET_Effect_3D.obj
 0001:00008d2c       __WIDGET_EFFECT_3D_GetRect 00409d2c f   WIDGET_Effect_3D2L.obj
 0001:0000879b       __UpdateChildPostions      0040979b f   WIDGET.obj
 0001:00008815       __EffectRequiresRedraw     00409815 f   WIDGET.obj
 0001:00008539       __Draw                     00409539 f   GUI_DRAW_STREAMED.obj
 0001:0000855b       __GetXSize                 0040955b f   GUI_DRAW_STREAMED.obj
 0001:00008567       __GetYSize                 00409567 f   GUI_DRAW_STREAMED.obj
 0001:0000852f       __Draw                     0040952f f   GUI_DRAW_Self.obj
 0001:00008536       __GetXSize                 00409536 f   GUI_DRAW_Self.obj
 0001:00008536       __GetYSize                 00409536 f   GUI_DRAW_Self.obj
 0001:000084ff       __Draw                     004094ff f   GUI_DRAW_BMP.obj
 0001:00008521       __GetXSize                 00409521 f   GUI_DRAW_BMP.obj
 0001:00008521       __GetYSize                 00409521 f   GUI_DRAW_BMP.obj
 0001:00008481       __DrawBitmap               00409481 f   GUI_DRAW_BITMAP.obj
 0001:000084a3       __GetXSize                 004094a3 f   GUI_DRAW_BITMAP.obj
 0001:000084ae       __GetYSize                 004094ae f   GUI_DRAW_BITMAP.obj
 0001:00007a5f       __Paint                    00408a5f f   EDIT.obj
 0001:00007ed8       __IncrementBuffer          00408ed8 f   EDIT.obj
 0001:00007f1f       _EDIT__Callback            00408f1f f   EDIT.obj
 0001:00007fb9       __Delete                   00408fb9 f   EDIT.obj
 0001:00007fc8       __OnTouch                  00408fc8 f   EDIT.obj
 0001:00008185       __DeleteChar               00409185 f   EDIT.obj
 0001:000081d6       __InsertChar               004091d6 f   EDIT.obj
 0001:00008250       __IsSpaceInBuffer          00409250 f   EDIT.obj
 0001:00008297       __IsCharsAvailable         00409297 f   EDIT.obj
 0001:0000761d       __Paint                    0040861d f   BUTTON.obj
 0001:000077a2       __Delete                   004087a2 f   BUTTON.obj
 0001:000077c7       __OnTouch                  004087c7 f   BUTTON.obj
 0001:0000780d       __ButtonPressed            0040880d f   BUTTON.obj
 0001:00007835       __ButtonReleased           00408835 f   BUTTON.obj
 0001:00006f4a       __XorPixel                 00407f4a f   LCDWin.obj
 0001:0000709f       __DrawBitLine1BPP          0040809f f   LCDWin.obj
 0001:00007197       __DrawBitLine2BPP          00408197 f   LCDWin.obj
 0001:0000730b       __DrawBitLine4BPP          0040830b f   LCDWin.obj
 0001:0000748b       __DrawBitLine8BPP          0040848b f   LCDWin.obj
 0001:00006ca6       __DrawBitmap_RLE8          00407ca6 f   LCDRLE8.obj
 0001:000069f7       __DrawBitmap_RLE4          004079f7 f   LCDRLE4.obj
 0001:0000609c       __Rect2TextRect            0040709c f   LCD_RotateCCW.obj
 0001:00006457       __DrawBitmapCW             00407457 f   LCD_RotateCW.obj
 0001:00006636       __DrawBitmap               00407636 f   LCD_RotateCW.obj
 0001:00006671       __DrawBitLine1BPP          00407671 f   LCD_RotateCW.obj
 0001:00006769       __TransformPointCW         00407769 f   LCD_RotateCW.obj
 0001:0000609c       __Rect2TextRect            0040709c f   LCD_RotateCCW.obj
 0001:000060c4       __DrawBitmapCCW            004070c4 f   LCD_RotateCCW.obj
 0001:000062a3       __DrawBitmap               004072a3 f   LCD_RotateCCW.obj
 0001:000062e0       __DrawBitLine1BPP          004072e0 f   LCD_RotateCCW.obj
 0001:000063d8       __TransformPointCCW        004073d8 f   LCD_RotateCCW.obj
 0001:00005d1c       __Rect2TextRect            00406d1c f   LCD_Rotate180.obj
 0001:00005d1d       __DrawBitmap180            00406d1d f   LCD_Rotate180.obj
 0001:00005f00       __DrawBitmap               00406f00 f   LCD_Rotate180.obj
 0001:00005f3b       __DrawBitLine1BPP          00406f3b f   LCD_Rotate180.obj
 0001:00006034       __TransformPoint180        00407034 f   LCD_Rotate180.obj
 0001:000059d0       __DrawBitmap_M565          004069d0 f   LCD_DrawBitmap_M565.obj
 0001:0000576f       __DrawBitmap_565           0040676f f   LCD_DrawBitmap_565.obj
 0001:0000532a       __GetColorIndex            0040632a f   LCD.obj
 0001:0000515b       __Link                     0040615b f   GUITimer.obj
 0001:000051e4       __Unlink                   004061e4 f   GUITimer.obj
 0001:00004ffc       __GetTaskNo                00405ffc f   GUITask.obj
 0001:00004db1       __GetLineDistX_SJIS        00405db1 f   GUIEncJS.obj
 0001:00004e0b       _DB2SJIS                   00405e0b f   GUIEncJS.obj
 0001:00004e16       __GetLineLen_SJIS          00405e16 f   GUIEncJS.obj
 0001:00004e3b       __DispLine_SJIS            00405e3b f   GUIEncJS.obj
 0001:00004a18       __SetPixelIndex            00405a18 f   GUICurs.obj
 0001:00004a61       __GetPixelIndex            00405a61 f   GUICurs.obj
 0001:00004aa7       __Log2Phys                 00405aa7 f   GUICurs.obj
 0001:00004ad0       __CalcRect                 00405ad0 f   GUICurs.obj
 0001:000049ae       __InitContext              004059ae f   GUICore.obj
 0001:00004700       _GUIPROP_FindChar          00405700 f   GUICharP.obj
 0001:00004389       __DispLine                 00405389 f   GUICharLine.obj
 0001:00003d57       __Alloc                    00404d57 f   GUIAlloc.obj
 0001:00003e62       __Size2LegalSize           00404e62 f   GUIAlloc.obj
 0001:00003e6c       __FindFreeHandle           00404e6c f   GUIAlloc.obj
 0001:00003e9a       __FindHole                 00404e9a f   GUIAlloc.obj
 0001:00003efc       __CreateHole               00404efc f   GUIAlloc.obj
 0001:00003f90       __CheckInit                00404f90 f   GUIAlloc.obj
 0001:00004074       __GetSize                  00405074 f   GUIAlloc.obj
 0001:000040b1       __Free                     004050b1 f   GUIAlloc.obj
 0001:00002f36       __CopyString               00403f36 f   GUI_ErrorOut.obj
 0001:00003b16       __GetCharCode              00404b16 f   GUI_UC_EncodeUTF8.obj
 0001:00003b80       __GetCharSize              00404b80 f   GUI_UC_EncodeUTF8.obj
 0001:00003bb1       __CalcSizeOfChar           00404bb1 f   GUI_UC_EncodeUTF8.obj
 0001:00003bcb       __Encode                   00404bcb f   GUI_UC_EncodeUTF8.obj
 0001:00003afb       __GetCharCode              00404afb f   GUI_UC_EncodeNone.obj
 0001:00003b04       __GetCharSize              00404b04 f   GUI_UC_EncodeNone.obj
 0001:00003b04       __CalcSizeOfChar           00404b04 f   GUI_UC_EncodeNone.obj
 0001:00003b08       __Encode                   00404b08 f   GUI_UC_EncodeNone.obj
 0001:00000297       __Log2Phys                 00401297 f   calibration.obj
 0001:000036c1       __GUI_SIF_DispChar         004046c1 f   GUI_SIF_Prop.obj
 0001:000037f1       __GetpCharInfo             004047f1 f   GUI_SIF_Prop.obj
 0001:0000385e       __GetNumCharAreas          0040485e f   GUI_SIF_Prop.obj
 0001:0000387c       __GUI_SIF_GetCharDistX     0040487c f   GUI_SIF_Prop.obj
 0001:000038ad       __GUI_SIF_GetFontInfo      004048ad f   GUI_SIF_Prop.obj
 0001:000038ef       __GUI_SIF_IsInFont         004048ef f   GUI_SIF_Prop.obj
 0001:000034d3       __PID_Load                 004044d3 f   GUI_PID.obj
 0001:00003245       __GotoY                    00404245 f   GUI_Goto.obj
 0001:00003253       __GotoX                    00404253 f   GUI_Goto.obj
 0001:00002f36       __CopyString               00403f36 f   GUI_ErrorOut.obj
 0001:00002dc4       __DrawFocusRect            00403dc4 f   GUI_DrawFocusRect.obj
 0001:00002718       __DrawBitmap_Pal           00403718 f   GUI_BMP.obj
 0001:000027e6       __GetStep                  004037e6 f   GUI_BMP.obj
 0001:0000280f       __DrawBitmap_24bpp         0040380f f   GUI_BMP.obj
 0001:000024c5       __Check_NegLong            004034c5 f   GUI_AddDecShift.obj
 0001:00001fda       __DrawRect                 00402fda f   GUI2DLib.obj
 0001:00001053       _get_sv_contral_open_addr  00402053 f   setValve.obj
 0001:0000106d       _get_sv_contral_open_cmd   0040206d f   setValve.obj
 0001:00001087       _get_sv_contral_close_addr 00402087 f   setValve.obj
 0001:000010a1       _get_sv_contral_close_cmd  004020a1 f   setValve.obj
 0001:000010bb       _get_sv_contral_stop_addr  004020bb f   setValve.obj
 0001:000010d5       _get_sv_contral_stop_cmd   004020d5 f   setValve.obj
 0001:000010ef       _get_sv_contral_posc_addr  004020ef f   setValve.obj
 0001:00001109       _get_sv_contral_posc_cmd   00402109 f   setValve.obj
 0001:00001123       _get_sv_contral_pos_addr   00402123 f   setValve.obj
 0001:0000113d       _get_sv_contral_pos_max_val 0040213d f   setValve.obj
 0001:00001157       _get_sv_view_open_add      00402157 f   setValve.obj
 0001:0000116f       _get_sv_view_close_add     0040216f f   setValve.obj
 0001:00001187       _get_sv_view_l_r_add       00402187 f   setValve.obj
 0001:0000119f       _get_sv_view_pos_add       0040219f f   setValve.obj
 0001:000011b7       _get_sv_view_pos_max_val   004021b7 f   setValve.obj
 0001:000011cf       _get_sv_name_text          004021cf f   setValve.obj
 0001:00000c7b       _get_logon_password        00401c7b f   logon.obj
 0001:00000c9a       _get_logon_new_password    00401c9a f   logon.obj
 0001:0000064f       _DrawGroupStatus           0040164f f   groupstate.obj
 0001:00000252       __Calibrate                00401252 f   calibration.obj
 0001:00000297       __Log2Phys                 00401297 f   calibration.obj
 0001:00017ac0       _strncnt                   00418ac0 f   libcmt:a_map.obj
 0001:000174a7       _getSystemCP               004184a7 f   libcmt:mbctype.obj
 0001:000174f1       _CPtoLCID                  004184f1 f   libcmt:mbctype.obj
 0001:00017524       _setSBCS                   00418524 f   libcmt:mbctype.obj
 0001:0001754d       _setSBUpLow                0041854d f   libcmt:mbctype.obj
 0001:000172c9       _x_ismbbtype               004182c9 f   libcmt:ismbbyte.obj
 0001:00016f27       _strtoxl                   00417f27 f   libcmt:strtol.obj
 0001:0001673d       __abstract_cw              0041773d f   libcmt:ieee87.obj
 0001:000167cf       __hw_cw                    004177cf f   libcmt:ieee87.obj
 0001:00015576       _parse_cmdline             00416576 f   libcmt:stdargv.obj
 0001:00015392       _xcptlookup                00416392 f   libcmt:winxfltr.obj
 0001:0001509c       _gu_return                 0041609c f   libcmt:exsup.obj
 0001:000150a4       __unwind_handler           004160a4 f   libcmt:exsup.obj
 0001:00013cbb       __cftoe2                   00414cbb f   libcmt:cvt.obj
 0001:00013dd2       __cftof2                   00414dd2 f   libcmt:cvt.obj
 0001:00013f5d       __shift                    00414f5d f   libcmt:cvt.obj
 0001:000124fd       _flsall                    004134fd f   libcmt:fflush.obj
 0001:00012136       _write_char                00413136 f   libcmt:output.obj
 0001:0001216b       _write_multi_char          0041316b f   libcmt:output.obj
 0001:0001219c       _write_string              0041319c f   libcmt:output.obj
 0001:000121d4       _get_int_arg               004131d4 f   libcmt:output.obj
 0001:000121e1       _get_int64_arg             004131e1 f   libcmt:output.obj
 0001:000121f1       _get_short_arg             004131f1 f   libcmt:output.obj
 0001:0001185c       _fast_error_exit           0041285c f   libcmt:wincrt0.obj
 0001:0001152c       _doexit                    0041252c f   libcmt:crt0dat.obj
 0001:000115e3       __initterm                 004125e3 f   libcmt:crt0dat.obj
 0001:00010d50       LeadUp1                    00411d50 f   libcmt:memmove.obj
 0001:00010d7c       LeadUp2                    00411d7c f   libcmt:memmove.obj
 0001:00010da0       LeadUp3                    00411da0 f   libcmt:memmove.obj
 0001:00010e1f       UnwindUp0                  00411e1f f   libcmt:memmove.obj
 0001:00010e0c       UnwindUp1                  00411e0c f   libcmt:memmove.obj
 0001:00010e04       UnwindUp2                  00411e04 f   libcmt:memmove.obj
 0001:00010dfc       UnwindUp3                  00411dfc f   libcmt:memmove.obj
 0001:00010df4       UnwindUp4                  00411df4 f   libcmt:memmove.obj
 0001:00010dec       UnwindUp5                  00411dec f   libcmt:memmove.obj
 0001:00010de4       UnwindUp6                  00411de4 f   libcmt:memmove.obj
 0001:00010ddc       UnwindUp7                  00411ddc f   libcmt:memmove.obj
 0001:00010e38       TrailUp0                   00411e38 f   libcmt:memmove.obj
 0001:00010e40       TrailUp1                   00411e40 f   libcmt:memmove.obj
 0001:00010e4c       TrailUp2                   00411e4c f   libcmt:memmove.obj
 0001:00010e60       TrailUp3                   00411e60 f   libcmt:memmove.obj
 0001:00010ed8       LeadDown1                  00411ed8 f   libcmt:memmove.obj
 0001:00010ef8       LeadDown2                  00411ef8 f   libcmt:memmove.obj
 0001:00010f20       LeadDown3                  00411f20 f   libcmt:memmove.obj
 0001:00010f74       UnwindDown7                00411f74 f   libcmt:memmove.obj
 0001:00010f7c       UnwindDown6                00411f7c f   libcmt:memmove.obj
 0001:00010f84       UnwindDown5                00411f84 f   libcmt:memmove.obj
 0001:00010f8c       UnwindDown4                00411f8c f   libcmt:memmove.obj
 0001:00010f94       UnwindDown3                00411f94 f   libcmt:memmove.obj
 0001:00010f9c       UnwindDown2                00411f9c f   libcmt:memmove.obj
 0001:00010fa4       UnwindDown1                00411fa4 f   libcmt:memmove.obj
 0001:00010fb7       UnwindDown0                00411fb7 f   libcmt:memmove.obj
 0001:00010fd0       TrailDown0                 00411fd0 f   libcmt:memmove.obj
 0001:00010fd8       TrailDown1                 00411fd8 f   libcmt:memmove.obj
 0001:00010fe8       TrailDown2                 00411fe8 f   libcmt:memmove.obj
 0001:00010ffc       TrailDown3                 00411ffc f   libcmt:memmove.obj
 0001:00010860       LeadUp1                    00411860 f   libcmt:memcpy.obj
 0001:0001088c       LeadUp2                    0041188c f   libcmt:memcpy.obj
 0001:000108b0       LeadUp3                    004118b0 f   libcmt:memcpy.obj
 0001:0001092f       UnwindUp0                  0041192f f   libcmt:memcpy.obj
 0001:0001091c       UnwindUp1                  0041191c f   libcmt:memcpy.obj
 0001:00010914       UnwindUp2                  00411914 f   libcmt:memcpy.obj
 0001:0001090c       UnwindUp3                  0041190c f   libcmt:memcpy.obj
 0001:00010904       UnwindUp4                  00411904 f   libcmt:memcpy.obj
 0001:000108fc       UnwindUp5                  004118fc f   libcmt:memcpy.obj
 0001:000108f4       UnwindUp6                  004118f4 f   libcmt:memcpy.obj
 0001:000108ec       UnwindUp7                  004118ec f   libcmt:memcpy.obj
 0001:00010948       TrailUp0                   00411948 f   libcmt:memcpy.obj
 0001:00010950       TrailUp1                   00411950 f   libcmt:memcpy.obj
 0001:0001095c       TrailUp2                   0041195c f   libcmt:memcpy.obj
 0001:00010970       TrailUp3                   00411970 f   libcmt:memcpy.obj
 0001:000109e8       LeadDown1                  004119e8 f   libcmt:memcpy.obj
 0001:00010a08       LeadDown2                  00411a08 f   libcmt:memcpy.obj
 0001:00010a30       LeadDown3                  00411a30 f   libcmt:memcpy.obj
 0001:00010a84       UnwindDown7                00411a84 f   libcmt:memcpy.obj
 0001:00010a8c       UnwindDown6                00411a8c f   libcmt:memcpy.obj
 0001:00010a94       UnwindDown5                00411a94 f   libcmt:memcpy.obj
 0001:00010a9c       UnwindDown4                00411a9c f   libcmt:memcpy.obj
 0001:00010aa4       UnwindDown3                00411aa4 f   libcmt:memcpy.obj
 0001:00010aac       UnwindDown2                00411aac f   libcmt:memcpy.obj
 0001:00010ab4       UnwindDown1                00411ab4 f   libcmt:memcpy.obj
 0001:00010ac7       UnwindDown0                00411ac7 f   libcmt:memcpy.obj
 0001:00010ae0       TrailDown0                 00411ae0 f   libcmt:memcpy.obj
 0001:00010ae8       TrailDown1                 00411ae8 f   libcmt:memcpy.obj
 0001:00010af8       TrailDown2                 00411af8 f   libcmt:memcpy.obj
 0001:00010b0c       TrailDown3                 00411b0c f   libcmt:memcpy.obj

 127 bytes saved through ICF

